Component: ARM Compiler 5.06 update 6 (build 750) Tool: armlink [4d35ed]

==============================================================================

Section Cross References

    startup_stm32f407xx.o(RESET) refers to startup_stm32f407xx.o(STACK) for __initial_sp
    startup_stm32f407xx.o(RESET) refers to startup_stm32f407xx.o(.text) for Reset_Handler
    startup_stm32f407xx.o(RESET) refers to stm32f4xx_it.o(i.NMI_Handler) for NMI_Handler
    startup_stm32f407xx.o(RESET) refers to stm32f4xx_it.o(i.HardFault_Handler) for HardFault_Handler
    startup_stm32f407xx.o(RESET) refers to stm32f4xx_it.o(i.MemManage_Handler) for MemManage_Handler
    startup_stm32f407xx.o(RESET) refers to stm32f4xx_it.o(i.BusFault_Handler) for BusFault_Handler
    startup_stm32f407xx.o(RESET) refers to stm32f4xx_it.o(i.UsageFault_Handler) for UsageFault_Handler
    startup_stm32f407xx.o(RESET) refers to stm32f4xx_it.o(i.SVC_Handler) for SVC_Handler
    startup_stm32f407xx.o(RESET) refers to stm32f4xx_it.o(i.DebugMon_Handler) for DebugMon_Handler
    startup_stm32f407xx.o(RESET) refers to stm32f4xx_it.o(i.PendSV_Handler) for PendSV_Handler
    startup_stm32f407xx.o(RESET) refers to stm32f4xx_it.o(i.SysTick_Handler) for SysTick_Handler
    startup_stm32f407xx.o(RESET) refers to stm32f4xx_it.o(i.DMA1_Stream1_IRQHandler) for DMA1_Stream1_IRQHandler
    startup_stm32f407xx.o(RESET) refers to stm32f4xx_it.o(i.DMA1_Stream3_IRQHandler) for DMA1_Stream3_IRQHandler
    startup_stm32f407xx.o(RESET) refers to stm32f4xx_it.o(i.DMA1_Stream5_IRQHandler) for DMA1_Stream5_IRQHandler
    startup_stm32f407xx.o(RESET) refers to stm32f4xx_it.o(i.DMA1_Stream6_IRQHandler) for DMA1_Stream6_IRQHandler
    startup_stm32f407xx.o(RESET) refers to stm32f4xx_it.o(i.DMA2_Stream0_IRQHandler) for DMA2_Stream0_IRQHandler
    startup_stm32f407xx.o(RESET) refers to stm32f4xx_it.o(i.OTG_FS_IRQHandler) for OTG_FS_IRQHandler
    startup_stm32f407xx.o(.text) refers to system_stm32f4xx.o(i.SystemInit) for SystemInit
    startup_stm32f407xx.o(.text) refers to entry.o(.ARM.Collect$$$$00000000) for __main
    main.o(i.SystemClock_Config) refers to memseta.o(.text) for __aeabi_memclr4
    main.o(i.SystemClock_Config) refers to stm32f4xx_hal_rcc.o(i.HAL_RCC_OscConfig) for HAL_RCC_OscConfig
    main.o(i.SystemClock_Config) refers to stm32f4xx_hal_rcc.o(i.HAL_RCC_ClockConfig) for HAL_RCC_ClockConfig
    main.o(i.SystemClock_Config) refers to stm32f4xx_hal_rcc_ex.o(i.HAL_RCCEx_PeriphCLKConfig) for HAL_RCCEx_PeriphCLKConfig
    main.o(i.main) refers to stm32f4xx_hal.o(i.HAL_Init) for HAL_Init
    main.o(i.main) refers to main.o(i.SystemClock_Config) for SystemClock_Config
    main.o(i.main) refers to gpio.o(i.MX_GPIO_Init) for MX_GPIO_Init
    main.o(i.main) refers to dma.o(i.MX_DMA_Init) for MX_DMA_Init
    main.o(i.main) refers to adc.o(i.MX_ADC1_Init) for MX_ADC1_Init
    main.o(i.main) refers to i2c.o(i.MX_I2C1_Init) for MX_I2C1_Init
    main.o(i.main) refers to i2c.o(i.MX_I2C3_Init) for MX_I2C3_Init
    main.o(i.main) refers to i2s.o(i.MX_I2S3_Init) for MX_I2S3_Init
    main.o(i.main) refers to spi.o(i.MX_SPI1_Init) for MX_SPI1_Init
    main.o(i.main) refers to tim.o(i.MX_TIM2_Init) for MX_TIM2_Init
    main.o(i.main) refers to tim.o(i.MX_TIM3_Init) for MX_TIM3_Init
    main.o(i.main) refers to usart.o(i.MX_USART2_UART_Init) for MX_USART2_UART_Init
    main.o(i.main) refers to usart.o(i.MX_USART3_UART_Init) for MX_USART3_UART_Init
    main.o(i.main) refers to usb_host.o(i.MX_USB_HOST_Init) for MX_USB_HOST_Init
    main.o(i.main) refers to stm32f4xx_hal_tim.o(i.HAL_TIM_PWM_Start) for HAL_TIM_PWM_Start
    main.o(i.main) refers to stm32f4xx_hal_gpio.o(i.HAL_GPIO_WritePin) for HAL_GPIO_WritePin
    main.o(i.main) refers to usb_host.o(i.MX_USB_HOST_Process) for MX_USB_HOST_Process
    main.o(i.main) refers to main.o(i.singleMotor_RevRotation) for singleMotor_RevRotation
    main.o(i.main) refers to stm32f4xx_hal.o(i.HAL_Delay) for HAL_Delay
    main.o(i.main) refers to tim.o(.bss) for htim2
    main.o(i.main) refers to main.o(.data) for .data
    main.o(i.setFreq) refers to dfltui.o(.text) for __aeabi_ui2d
    main.o(i.setFreq) refers to dmul.o(.text) for __aeabi_dmul
    main.o(i.setFreq) refers to dfixui.o(.text) for __aeabi_d2uiz
    main.o(i.singleMotor_RevRotation) refers to stm32f4xx_hal.o(i.HAL_GetTick) for HAL_GetTick
    main.o(i.singleMotor_RevRotation) refers to main.o(i.setFreq) for setFreq
    main.o(i.singleMotor_RevRotation) refers to main.o(.data) for .data
    gpio.o(i.MX_GPIO_Init) refers to memseta.o(.text) for __aeabi_memclr4
    gpio.o(i.MX_GPIO_Init) refers to stm32f4xx_hal_gpio.o(i.HAL_GPIO_WritePin) for HAL_GPIO_WritePin
    gpio.o(i.MX_GPIO_Init) refers to stm32f4xx_hal_gpio.o(i.HAL_GPIO_Init) for HAL_GPIO_Init
    adc.o(i.HAL_ADC_MspDeInit) refers to stm32f4xx_hal_gpio.o(i.HAL_GPIO_DeInit) for HAL_GPIO_DeInit
    adc.o(i.HAL_ADC_MspDeInit) refers to stm32f4xx_hal_dma.o(i.HAL_DMA_DeInit) for HAL_DMA_DeInit
[...]
    i.HAL_I2S_TxCpltCallback                 0x080018f6   Section        0  stm32f4xx_hal_i2s.o(i.HAL_I2S_TxCpltCallback)
    i.HAL_IncTick                            0x080018f8   Section        0  stm32f4xx_hal.o(i.HAL_IncTick)
    i.HAL_Init                               0x08001908   Section        0  stm32f4xx_hal.o(i.HAL_Init)
    i.HAL_InitTick                           0x0800193c   Section        0  stm32f4xx_hal.o(i.HAL_InitTick)
    i.HAL_MspInit                            0x0800197c   Section        0  stm32f4xx_hal_msp.o(i.HAL_MspInit)
    i.HAL_NVIC_EnableIRQ                     0x080019b0   Section        0  stm32f4xx_hal_cortex.o(i.HAL_NVIC_EnableIRQ)
    i.HAL_NVIC_SetPriority                   0x080019cc   Section        0  stm32f4xx_hal_cortex.o(i.HAL_NVIC_SetPriority)
    i.HAL_NVIC_SetPriorityGrouping           0x08001a0c   Section        0  stm32f4xx_hal_cortex.o(i.HAL_NVIC_SetPriorityGrouping)
    i.HAL_RCCEx_GetPeriphCLKFreq             0x08001a30   Section        0  stm32f4xx_hal_rcc_ex.o(i.HAL_RCCEx_GetPeriphCLKFreq)
    i.HAL_RCCEx_PeriphCLKConfig              0x08001a8c   Section        0  stm32f4xx_hal_rcc_ex.o(i.HAL_RCCEx_PeriphCLKConfig)
    i.HAL_RCC_ClockConfig                    0x08001bc8   Section        0  stm32f4xx_hal_rcc.o(i.HAL_RCC_ClockConfig)
    i.HAL_RCC_GetPCLK1Freq                   0x08001cfc   Section        0  stm32f4xx_hal_rcc.o(i.HAL_RCC_GetPCLK1Freq)
    i.HAL_RCC_GetPCLK2Freq                   0x08001d1c   Section        0  stm32f4xx_hal_rcc.o(i.HAL_RCC_GetPCLK2Freq)
    i.HAL_RCC_GetSysClockFreq                0x08001d3c   Section        0  stm32f4xx_hal_rcc.o(i.HAL_RCC_GetSysClockFreq)
    i.HAL_RCC_OscConfig                      0x08001d9c   Section        0  stm32f4xx_hal_rcc.o(i.HAL_RCC_OscConfig)
    i.HAL_SPI_Init                           0x080020f8   Section        0  stm32f4xx_hal_spi.o(i.HAL_SPI_Init)
    i.HAL_SPI_MspInit                        0x08002178   Section        0  spi.o(i.HAL_SPI_MspInit)
    i.HAL_SYSTICK_Config                     0x080021e0   Section        0  stm32f4xx_hal_cortex.o(i.HAL_SYSTICK_Config)
    i.HAL_TIMEx_MasterConfigSynchronization  0x08002208   Section        0  stm32f4xx_hal_tim_ex.o(i.HAL_TIMEx_MasterConfigSynchronization)
    i.HAL_TIM_Base_Init                      0x08002298   Section        0  stm32f4xx_hal_tim.o(i.HAL_TIM_Base_Init)
    i.HAL_TIM_Base_MspInit                   0x080022d0   Section        0  tim.o(i.HAL_TIM_Base_MspInit)
    i.HAL_TIM_ConfigClockSource              0x0800230c   Section        0  stm32f4xx_hal_tim.o(i.HAL_TIM_ConfigClockSource)
    i.HAL_TIM_MspPostInit                    0x080023e4   Section        0  tim.o(i.HAL_TIM_MspPostInit)
    i.HAL_TIM_PWM_ConfigChannel              0x080024ac   Section        0  stm32f4xx_hal_tim.o(i.HAL_TIM_PWM_ConfigChannel)
    i.HAL_TIM_PWM_Init                       0x0800257c   Section        0  stm32f4xx_hal_tim.o(i.HAL_TIM_PWM_Init)
    i.HAL_TIM_PWM_MspInit                    0x080025b2   Section        0  stm32f4xx_hal_tim.o(i.HAL_TIM_PWM_MspInit)
    i.HAL_TIM_PWM_Start                      0x080025b4   Section        0  stm32f4xx_hal_tim.o(i.HAL_TIM_PWM_Start)
    i.HAL_UART_Init                          0x080025f8   Section        0  stm32f4xx_hal_uart.o(i.HAL_UART_Init)
    i.HAL_UART_MspInit                       0x0800265c   Section        0  usart.o(i.HAL_UART_MspInit)
    i.HCD_HC_IN_IRQHandler                   0x080027d0   Section        0  stm32f4xx_hal_hcd.o(i.HCD_HC_IN_IRQHandler)
    HCD_HC_IN_IRQHandler                     0x080027d1   Thumb Code   632  stm32f4xx_hal_hcd.o(i.HCD_HC_IN_IRQHandler)
    i.HCD_HC_OUT_IRQHandler                  0x08002a48   Section        0  stm32f4xx_hal_hcd.o(i.HCD_HC_OUT_IRQHandler)
    HCD_HC_OUT_IRQHandler                    0x08002a49   Thumb Code   580  stm32f4xx_hal_hcd.o(i.HCD_HC_OUT_IRQHandler)
    i.HCD_Port_IRQHandler                    0x08002c8c   Section        0  stm32f4xx_hal_hcd.o(i.HCD_Port_IRQHandler)
    HCD_Port_IRQHandler                      0x08002c8d   Thumb Code   148  stm32f4xx_hal_hcd.o(i.HCD_Port_IRQHandler)
    i.HCD_RXQLVL_IRQHandler                  0x08002d20   Section        0  stm32f4xx_hal_hcd.o(i.HCD_RXQLVL_IRQHandler)
    HCD_RXQLVL_IRQHandler                    0x08002d21   Thumb Code   108  stm32f4xx_hal_hcd.o(i.HCD_RXQLVL_IRQHandler)
    i.HardFault_Handler                      0x08002d90   Section        0  stm32f4xx_it.o(i.HardFault_Handler)
    i.I2SEx_RxISR_I2SExt                     0x08002d94   Section        0  stm32f4xx_hal_i2s_ex.o(i.I2SEx_RxISR_I2SExt)
    I2SEx_RxISR_I2SExt                       0x08002d95   Thumb Code    88  stm32f4xx_hal_i2s_ex.o(i.I2SEx_RxISR_I2SExt)
    i.I2SEx_TxISR_I2SExt                     0x08002df4   Section        0  stm32f4xx_hal_i2s_ex.o(i.I2SEx_TxISR_I2SExt)
    I2SEx_TxISR_I2SExt                       0x08002df5   Thumb Code    88  stm32f4xx_hal_i2s_ex.o(i.I2SEx_TxISR_I2SExt)
    i.I2S_IRQHandler                         0x08002e54   Section        0  stm32f4xx_hal_i2s.o(i.I2S_IRQHandler)
    I2S_IRQHandler                           0x08002e55   Thumb Code   242  stm32f4xx_hal_i2s.o(i.I2S_IRQHandler)
    i.MX_ADC1_Init                           0x08002f48   Section        0  adc.o(i.MX_ADC1_Init)
    i.MX_DMA_Init                            0x08002fac   Section        0  dma.o(i.MX_DMA_Init)
    i.MX_DriverVbusFS                        0x08003028   Section        0  usbh_platform.o(i.MX_DriverVbusFS)
    i.MX_GPIO_Init                           0x0800303c   Section        0  gpio.o(i.MX_GPIO_Init)
    i.MX_I2C1_Init                           0x080031b0   Section        0  i2c.o(i.MX_I2C1_Init)
    i.MX_I2C3_Init                           0x080031f0   Section        0  i2c.o(i.MX_I2C3_Init)
    i.MX_I2S3_Init                           0x08003230   Section        0  i2s.o(i.MX_I2S3_Init)
    i.MX_SPI1_Init                           0x0800326c   Section        0  spi.o(i.MX_SPI1_Init)
    i.MX_TIM2_Init                           0x080032b0   Section        0  tim.o(i.MX_TIM2_Init)
    i.MX_TIM3_Init                           0x08003360   Section        0  tim.o(i.MX_TIM3_Init)
    i.MX_USART2_UART_Init                    0x08003424   Section        0  usart.o(i.MX_USART2_UART_Init)
    i.MX_USART3_UART_Init                    0x0800345c   Section        0  usart.o(i.MX_USART3_UART_Init)
    i.MX_USB_HOST_Init                       0x08003494   Section        0  usb_host.o(i.MX_USB_HOST_Init)
    i.MX_USB_HOST_Process                    0x080034d4   Section        0  usb_host.o(i.MX_USB_HOST_Process)
    i.MemManage_Handler                      0x080034e0   Section        0  stm32f4xx_it.o(i.MemManage_Handler)
    i.NMI_Handler                            0x080034e2   Section        0  stm32f4xx_it.o(i.NMI_Handler)
    i.OTG_FS_IRQHandler                      0x080034e4   Section        0  stm32f4xx_it.o(i.OTG_FS_IRQHandler)
    i.PendSV_Handler                         0x080034f0   Section        0  stm32f4xx_it.o(i.PendSV_Handler)
    i.SVC_Handler                            0x080034f2   Section        0  stm32f4xx_it.o(i.SVC_Handler)
    i.SysTick_Handler                        0x080034f4   Section        0  stm32f4xx_it.o(i.SysTick_Handler)
    i.SystemClock_Config                     0x080034f8   Section        0  main.o(i.SystemClock_Config)
    i.SystemInit                             0x08003594   Section        0  system_stm32f4xx.o(i.SystemInit)
    i.TIM_Base_SetConfig                     0x080035b0   Section        0  stm32f4xx_hal_tim.o(i.TIM_Base_SetConfig)
    i.TIM_CCxChannelCmd                      0x08003678   Section        0  stm32f4xx_hal_tim.o(i.TIM_CCxChannelCmd)
    i.TIM_ETR_SetConfig                      0x08003692   Section        0  stm32f4xx_hal_tim.o(i.TIM_ETR_SetConfig)
    i.TIM_ITRx_SetConfig                     0x080036a6   Section        0  stm32f4xx_hal_tim.o(i.TIM_ITRx_SetConfig)
    TIM_ITRx_SetConfig                       0x080036a7   Thumb Code    16  stm32f4xx_hal_tim.o(i.TIM_ITRx_SetConfig)
    i.TIM_OC1_SetConfig                      0x080036b8   Section        0  stm32f4xx_hal_tim.o(i.TIM_OC1_SetConfig)
    TIM_OC1_SetConfig                        0x080036b9   Thumb Code    88  stm32f4xx_hal_tim.o(i.TIM_OC1_SetConfig)
    i.TIM_OC2_SetConfig                      0x08003718   Section        0  stm32f4xx_hal_tim.o(i.TIM_OC2_SetConfig)
    i.TIM_OC3_SetConfig                      0x08003784   Section        0  stm32f4xx_hal_tim.o(i.TIM_OC3_SetConfig)
    TIM_OC3_SetConfig                        0x08003785   Thumb Code    96  stm32f4xx_hal_tim.o(i.TIM_OC3_SetConfig)
    i.TIM_OC4_SetConfig                      0x080037ec   Section        0  stm32f4xx_hal_tim.o(i.TIM_OC4_SetConfig)
    TIM_OC4_SetConfig                        0x080037ed   Thumb Code    70  stm32f4xx_hal_tim.o(i.TIM_OC4_SetConfig)
    i.TIM_TI1_ConfigInputStage               0x0800383c   Section        0  stm32f4xx_hal_tim.o(i.TIM_TI1_ConfigInputStage)
    TIM_TI1_ConfigInputStage                 0x0800383d   Thumb Code    34  stm32f4xx_hal_tim.o(i.TIM_TI1_ConfigInputStage)
    i.TIM_TI2_ConfigInputStage               0x0800385e   Section        0  stm32f4xx_hal_tim.o(i.TIM_TI2_ConfigInputStage)
    TIM_TI2_ConfigInputStage                 0x0800385f   Thumb Code    36  stm32f4xx_hal_tim.o(i.TIM_TI2_ConfigInputStage)
    i.UART_SetConfig                         0x08003884   Section        0  stm32f4xx_hal_uart.o(i.UART_SetConfig)
    UART_SetConfig                           0x08003885   Thumb Code   286  stm32f4xx_hal_uart.o(i.UART_SetConfig)
    i.USBH_AllocPipe                         0x080039ac   Section        0  usbh_pipes.o(i.USBH_AllocPipe)
    i.USBH_BulkReceiveData                   0x080039e4   Section        0  usbh_ioreq.o(i.USBH_BulkReceiveData)
    i.USBH_BulkSendData                      0x08003a04   Section        0  usbh_ioreq.o(i.USBH_BulkSendData)
    i.USBH_CDC_ClassRequest                  0x08003a2c   Section        0  usbh_cdc.o(i.USBH_CDC_ClassRequest)
    USBH_CDC_ClassRequest                    0x08003a2d   Thumb Code    36  usbh_cdc.o(i.USBH_CDC_ClassRequest)
    i.USBH_CDC_InterfaceDeInit               0x08003a50   Section        0  usbh_cdc.o(i.USBH_CDC_InterfaceDeInit)
    USBH_CDC_InterfaceDeInit                 0x08003a51   Thumb Code    94  usbh_cdc.o(i.USBH_CDC_InterfaceDeInit)
    i.USBH_CDC_InterfaceInit                 0x08003aae   Section        0  usbh_cdc.o(i.USBH_CDC_InterfaceInit)
    USBH_CDC_InterfaceInit                   0x08003aaf   Thumb Code   324  usbh_cdc.o(i.USBH_CDC_InterfaceInit)
    i.USBH_CDC_LineCodingChanged             0x08003bf2   Section        0  usbh_cdc.o(i.USBH_CDC_LineCodingChanged)
    i.USBH_CDC_Process                       0x08003bf4   Section        0  usbh_cdc.o(i.USBH_CDC_Process)
    USBH_CDC_Process                         0x08003bf5   Thumb Code   184  usbh_cdc.o(i.USBH_CDC_Process)
    i.USBH_CDC_ReceiveCallback               0x08003cac   Section        0  usbh_cdc.o(i.USBH_CDC_ReceiveCallback)
    i.USBH_CDC_SOFProcess                    0x08003cae   Section        0  usbh_cdc.o(i.USBH_CDC_SOFProcess)
    USBH_CDC_SOFProcess                      0x08003caf   Thumb Code     4  usbh_cdc.o(i.USBH_CDC_SOFProcess)
    i.USBH_CDC_TransmitCallback              0x08003cb2   Section        0  usbh_cdc.o(i.USBH_CDC_TransmitCallback)
    i.USBH_ClosePipe                         0x08003cb4   Section        0  usbh_pipes.o(i.USBH_ClosePipe)
    i.USBH_ClrFeature                        0x08003cbe   Section        0  usbh_ctlreq.o(i.USBH_ClrFeature)
    i.USBH_CtlReceiveData                    0x08003cdc   Section        0  usbh_ioreq.o(i.USBH_CtlReceiveData)
    i.USBH_CtlReq                            0x08003cfa   Section        0  usbh_ctlreq.o(i.USBH_CtlReq)
    i.USBH_CtlSendData                       0x08003d34   Section        0  usbh_ioreq.o(i.USBH_CtlSendData)
    i.USBH_CtlSendSetup                      0x08003d5c   Section        0  usbh_ioreq.o(i.USBH_CtlSendSetup)
    i.USBH_Delay                             0x08003d7a   Section        0  usbh_conf.o(i.USBH_Delay)
    i.USBH_FindInterface                     0x08003d80   Section        0  usbh_core.o(i.USBH_FindInterface)
    i.USBH_FreePipe                          0x08003dc4   Section        0  usbh_pipes.o(i.USBH_FreePipe)
    i.USBH_GetDescriptor                     0x08003ddc   Section        0  usbh_ctlreq.o(i.USBH_GetDescriptor)
    i.USBH_GetNextDesc                       0x08003e10   Section        0  usbh_ctlreq.o(i.USBH_GetNextDesc)
    i.USBH_Get_CfgDesc                       0x08003e1e   Section        0  usbh_ctlreq.o(i.USBH_Get_CfgDesc)
    i.USBH_Get_DevDesc                       0x08003e4a   Section        0  usbh_ctlreq.o(i.USBH_Get_DevDesc)
    i.USBH_Get_StringDesc                    0x08003eda   Section        0  usbh_ctlreq.o(i.USBH_Get_StringDesc)
    i.USBH_Get_USB_Status                    0x08003f22   Section        0  usbh_conf.o(i.USBH_Get_USB_Status)
    i.USBH_HandleControl                     0x08003f3a   Section        0  usbh_ctlreq.o(i.USBH_HandleControl)
    USBH_HandleControl                       0x08003f3b   Thumb Code   402  usbh_ctlreq.o(i.USBH_HandleControl)
    i.USBH_HandleEnum                        0x080040cc   Section        0  usbh_core.o(i.USBH_HandleEnum)
    USBH_HandleEnum                          0x080040cd   Thumb Code   362  usbh_core.o(i.USBH_HandleEnum)
    i.USBH_Init                              0x08004236   Section        0  usbh_core.o(i.USBH_Init)
    i.USBH_LL_ClosePipe                      0x08004274   Section        0  usbh_conf.o(i.USBH_LL_ClosePipe)
    i.USBH_LL_Connect                        0x08004286   Section        0  usbh_core.o(i.USBH_LL_Connect)
    i.USBH_LL_Disconnect                     0x0800429a   Section        0  usbh_core.o(i.USBH_LL_Disconnect)
    i.USBH_LL_DriverVBUS                     0x080042c8   Section        0  usbh_conf.o(i.USBH_LL_DriverVBUS)
    i.USBH_LL_GetLastXferSize                0x080042e2   Section        0  usbh_conf.o(i.USBH_LL_GetLastXferSize)
    i.USBH_LL_GetSpeed                       0x080042ea   Section        0  usbh_conf.o(i.USBH_LL_GetSpeed)
    i.USBH_LL_GetURBState                    0x0800430c   Section        0  usbh_conf.o(i.USBH_LL_GetURBState)
    i.USBH_LL_IncTimer                       0x08004314   Section        0  usbh_core.o(i.USBH_LL_IncTimer)
    i.USBH_LL_Init                           0x08004334   Section        0  usbh_conf.o(i.USBH_LL_Init)
    i.USBH_LL_OpenPipe                       0x08004384   Section        0  usbh_conf.o(i.USBH_LL_OpenPipe)
    i.USBH_LL_PortDisabled                   0x080043a0   Section        0  usbh_core.o(i.USBH_LL_PortDisabled)
    i.USBH_LL_PortEnabled                    0x080043a8   Section        0  usbh_core.o(i.USBH_LL_PortEnabled)
    i.USBH_LL_ResetPort                      0x080043b0   Section        0  usbh_conf.o(i.USBH_LL_ResetPort)
    i.USBH_LL_SetTimer                       0x080043c2   Section        0  usbh_core.o(i.USBH_LL_SetTimer)
    i.USBH_LL_SetToggle                      0x080043c8   Section        0  usbh_conf.o(i.USBH_LL_SetToggle)
    i.USBH_LL_Start                          0x080043e8   Section        0  usbh_conf.o(i.USBH_LL_Start)
    i.USBH_LL_Stop                           0x080043fa   Section        0  usbh_conf.o(i.USBH_LL_Stop)
    i.USBH_LL_SubmitURB                      0x0800440c   Section        0  usbh_conf.o(i.USBH_LL_SubmitURB)
    i.USBH_OpenPipe                          0x0800442e   Section        0  usbh_pipes.o(i.USBH_OpenPipe)
    i.USBH_ParseCfgDesc                      0x08004442   Section        0  usbh_ctlreq.o(i.USBH_ParseCfgDesc)
    USBH_ParseCfgDesc                        0x08004443   Thumb Code   220  usbh_ctlreq.o(i.USBH_ParseCfgDesc)
    i.USBH_Process                           0x08004520   Section        0  usbh_core.o(i.USBH_Process)
    i.USBH_RegisterClass                     0x08004748   Section        0  usbh_core.o(i.USBH_RegisterClass)
    i.USBH_SelectInterface                   0x08004764   Section        0  usbh_core.o(i.USBH_SelectInterface)
    i.USBH_SetAddress                        0x0800477a   Section        0  usbh_ctlreq.o(i.USBH_SetAddress)
    i.USBH_SetCfg                            0x08004796   Section        0  usbh_ctlreq.o(i.USBH_SetCfg)
    i.USBH_SetFeature                        0x080047b2   Section        0  usbh_ctlreq.o(i.USBH_SetFeature)
    i.USBH_Start                             0x080047ce   Section        0  usbh_core.o(i.USBH_Start)
    i.USBH_UserProcess                       0x080047e4   Section        0  usb_host.o(i.USBH_UserProcess)
    USBH_UserProcess                         0x080047e5   Thumb Code    28  usb_host.o(i.USBH_UserProcess)
    i.USB_CoreInit                           0x08004804   Section        0  stm32f4xx_ll_usb.o(i.USB_CoreInit)
    i.USB_CoreReset                          0x08004878   Section        0  stm32f4xx_ll_usb.o(i.USB_CoreReset)
    USB_CoreReset                            0x08004879   Thumb Code    50  stm32f4xx_ll_usb.o(i.USB_CoreReset)
    i.USB_DisableGlobalInt                   0x080048b0   Section        0  stm32f4xx_ll_usb.o(i.USB_DisableGlobalInt)
    i.USB_DoPing                             0x080048bc   Section        0  stm32f4xx_ll_usb.o(i.USB_DoPing)
    i.USB_DriveVbus                          0x080048e0   Section        0  stm32f4xx_ll_usb.o(i.USB_DriveVbus)
    i.USB_EnableGlobalInt                    0x0800490c   Section        0  stm32f4xx_ll_usb.o(i.USB_EnableGlobalInt)
    i.USB_FlushRxFifo                        0x08004918   Section        0  stm32f4xx_ll_usb.o(i.USB_FlushRxFifo)
    i.USB_FlushTxFifo                        0x08004938   Section        0  stm32f4xx_ll_usb.o(i.USB_FlushTxFifo)
    i.USB_GetCurrentFrame                    0x0800495c   Section        0  stm32f4xx_ll_usb.o(i.USB_GetCurrentFrame)
    i.USB_GetHostSpeed                       0x08004964   Section        0  stm32f4xx_ll_usb.o(i.USB_GetHostSpeed)
    i.USB_GetMode                            0x08004972   Section        0  stm32f4xx_ll_usb.o(i.USB_GetMode)
    i.USB_HC_Halt                            0x0800497a   Section        0  stm32f4xx_ll_usb.o(i.USB_HC_Halt)
    i.USB_HC_Init                            0x08004a3c   Section        0  stm32f4xx_ll_usb.o(i.USB_HC_Init)
    i.USB_HC_ReadInterrupt                   0x08004b2c   Section        0  stm32f4xx_ll_usb.o(i.USB_HC_ReadInterrupt)
    i.USB_HC_StartXfer                       0x08004b34   Section        0  stm32f4xx_ll_usb.o(i.USB_HC_StartXfer)
    i.USB_HostInit                           0x08004c84   Section        0  stm32f4xx_ll_usb.o(i.USB_HostInit)
    i.USB_InitFSLSPClkSel                    0x08004d5c   Section        0  stm32f4xx_ll_usb.o(i.USB_InitFSLSPClkSel)
    i.USB_ReadInterrupts                     0x08004d92   Section        0  stm32f4xx_ll_usb.o(i.USB_ReadInterrupts)
    i.USB_ReadPacket                         0x08004d9a   Section        0  stm32f4xx_ll_usb.o(i.USB_ReadPacket)
    i.USB_ResetPort                          0x08004db6   Section        0  stm32f4xx_ll_usb.o(i.USB_ResetPort)
    i.USB_SetCurrentMode                     0x08004de8   Section        0  stm32f4xx_ll_usb.o(i.USB_SetCurrentMode)
    i.USB_StopHost                           0x08004e18   Section        0  stm32f4xx_ll_usb.o(i.USB_StopHost)
    i.USB_WritePacket                        0x08004e96   Section        0  stm32f4xx_ll_usb.o(i.USB_WritePacket)
    i.UsageFault_Handler                     0x08004eba   Section        0  stm32f4xx_it.o(i.UsageFault_Handler)
    i.__NVIC_SetPriority                     0x08004ebc   Section        0  stm32f4xx_hal_cortex.o(i.__NVIC_SetPriority)
    __NVIC_SetPriority                       0x08004ebd   Thumb Code    32  stm32f4xx_hal_cortex.o(i.__NVIC_SetPriority)
    i.__scatterload_copy                     0x08004edc   Section       14  handlers.o(i.__scatterload_copy)
    i.__scatterload_null                     0x08004eea   Section        2  handlers.o(i.__scatterload_null)
    i.__scatterload_zeroinit                 0x08004eec   Section       14  handlers.o(i.__scatterload_zeroinit)
    i.free                                   0x08004efc   Section        0  malloc.o(i.free)
    i.main                                   0x08004f4c   Section        0  main.o(i.main)
    i.malloc                                 0x08004fc4   Section        0  malloc.o(i.malloc)
    i.setFreq                                0x08005030   Section        0  main.o(i.setFreq)
    i.singleMotor_RevRotation                0x08005070   Section        0  main.o(i.singleMotor_RevRotation)
    .constdata                               0x080050a4   Section        8  stm32f4xx_hal_dma.o(.constdata)
    flagBitshiftOffset                       0x080050a4   Data           8  stm32f4xx_hal_dma.o(.constdata)
    .constdata                               0x080050ac   Section       16  system_stm32f4xx.o(.constdata)
    .constdata                               0x080050bc   Section        8  system_stm32f4xx.o(.constdata)
    .conststring                             0x080050c4   Section        4  usbh_cdc.o(.conststring)
    .data                                    0x20000000   Section       28  main.o(.data)
    .data                                    0x2000001c   Section        1  usb_host.o(.data)
    .data                                    0x20000020   Section        4  stm32f4xx_ll_usb.o(.data)
    tmpreg                                   0x20000020   Data           4  stm32f4xx_ll_usb.o(.data)
    .data                                    0x20000024   Section       12  stm32f4xx_hal.o(.data)
    .data                                    0x20000030   Section        4  system_stm32f4xx.o(.data)
    .data                                    0x20000034   Section       32  usbh_cdc.o(.data)
    .data                                    0x20000054   Section        4  mvars.o(.data)
    .data                                    0x20000058   Section        4  mvars.o(.data)
    .bss                                     0x2000005c   Section      168  adc.o(.bss)
    .bss                                     0x20000104   Section      168  i2c.o(.bss)
    .bss                                     0x200001ac   Section       72  i2s.o(.bss)
    .bss                                     0x200001f4   Section       88  spi.o(.bss)
    .bss                                     0x2000024c   Section      128  tim.o(.bss)
    .bss                                     0x200002cc   Section      512  usart.o(.bss)
    .bss                                     0x200004cc   Section      984  usb_host.o(.bss)
    .bss                                     0x200008a4   Section      708  usbh_conf.o(.bss)
    HEAP                                     0x20000b68   Section      512  startup_stm32f407xx.o(HEAP)
    STACK                                    0x20000d68   Section     1024  startup_stm32f407xx.o(STACK)

    Global Symbols

    Symbol Name                              Value     Ov Type        Size  Object(Section)

    BuildAttributes$$THM_ISAv4$E$P$D$K$B$S$7EM$VFPi3$EXTD16$VFPS$VFMA$PE$A:L22UL41UL21$X:L11$S22US41US21$IEEE1$IW$USESV6$~STKCKD$USESV7$~SHL$OSPACE$ROPI$EBA8$MICROLIB$REQ8$PRES8$EABIv2 0x00000000   Number         0  anon$$obj.o ABSOLUTE
    __ARM_use_no_argv                        0x00000000   Number         0  main.o ABSOLUTE
    __cpp_initialize__aeabi_                  - Undefined Weak Reference
    __cxa_finalize                            - Undefined Weak Reference
    __decompress                              - Undefined Weak Reference
    _clock_init                               - Undefined Weak Reference
    _microlib_exit                            - Undefined Weak Reference
    __Vectors_Size                           0x00000188   Number         0  startup_stm32f407xx.o ABSOLUTE
    __Vectors                                0x08000000   Data           4  startup_stm32f407xx.o(RESET)
    __Vectors_End                            0x08000188   Data           0  startup_stm32f407xx.o(RESET)
    __main                                   0x08000189   Thumb Code     0  entry.o(.ARM.Collect$$$$00000000)
    _main_stk                                0x08000189   Thumb Code     0  entry2.o(.ARM.Collect$$$$00000001)
    _main_scatterload                        0x0800018d   Thumb Code     0  entry5.o(.ARM.Collect$$$$00000004)
    __main_after_scatterload                 0x08000191   Thumb Code     0  entry5.o(.ARM.Collect$$$$00000004)
    _main_clock                              0x08000191   Thumb Code     0  entry7b.o(.ARM.Collect$$$$00000008)
    _main_cpp_init                           0x08000191   Thumb Code     0  entry8b.o(.ARM.Collect$$$$0000000A)
    _main_init                               0x08000191   Thumb Code     0  entry9a.o(.ARM.Collect$$$$0000000B)
    __rt_final_cpp                           0x08000199   Thumb Code     0  entry10a.o(.ARM.Collect$$$$0000000D)
    __rt_final_exit                          0x08000199   Thumb Code     0  entry11a.o(.ARM.Collect$$$$0000000F)
    Reset_Handler                            0x0800019d   Thumb Code     8  startup_stm32f407xx.o(.text)
    ADC_IRQHandler                           0x080001b7   Thumb Code     0  startup_stm32f407xx.o(.text)
    CAN1_RX0_IRQHandler                      0x080001b7   Thumb Code     0  startup_stm32f407xx.o(.text)
    CAN1_RX1_IRQHandler                      0x080001b7   Thumb Code     0  startup_stm32f407xx.o(.text)
    CAN1_SCE_IRQHandler                      0x080001b7   Thumb Code     0  startup_stm32f407xx.o(.text)
    CAN1_TX_IRQHandler                       0x080001b7   Thumb Code     0  startup_stm32f407xx.o(.text)
    CAN2_RX0_IRQHandler                      0x080001b7   Thumb Code     0  startup_stm32f407xx.o(.text)
    CAN2_RX1_IRQHandler                      0x080001b7   Thumb Code     0  startup_stm32f407xx.o(.text)
    CAN2_SCE_IRQHandler                      0x080001b7   Thumb Code     0  startup_stm32f407xx.o(.text)
    CAN2_TX_IRQHandler                       0x080001b7   Thumb Code     0  startup_stm32f407xx.o(.text)
    DCMI_IRQHandler                          0x080001b7   Thumb Code     0  startup_stm32f407xx.o(.text)
    DMA1_Stream0_IRQHandler                  0x080001b7   Thumb Code     0  startup_stm32f407xx.o(.text)
    DMA1_Stream2_IRQHandler                  0x080001b7   Thumb Code     0  startup_stm32f407xx.o(.text)
    DMA1_Stream4_IRQHandler                  0x080001b7   Thumb Code     0  startup_stm32f407xx.o(.text)
    DMA1_Stream7_IRQHandler                  0x080001b7   Thumb Code     0  startup_stm32f407xx.o(.text)
    DMA2_Stream1_IRQHandler                  0x080001b7   Thumb Code     0  startup_stm32f407xx.o(.text)
    DMA2_Stream2_IRQHandler                  0x080001b7   Thumb Code     0  startup_stm32f407xx.o(.text)
    DMA2_Stream3_IRQHandler                  0x080001b7   Thumb Code     0  startup_stm32f407xx.o(.text)
    DMA2_Stream4_IRQHandler                  0x080001b7   Thumb Code     0  startup_stm32f407xx.o(.text)
    DMA2_Stream5_IRQHandler                  0x080001b7   Thumb Code     0  startup_stm32f407xx.o(.text)
    DMA2_Stream6_IRQHandler                  0x080001b7   Thumb Code     0  startup_stm32f407xx.o(.text)
    DMA2_Stream7_IRQHandler                  0x080001b7   Thumb Code     0  startup_stm32f407xx.o(.text)
    ETH_IRQHandler                           0x080001b7   Thumb Code     0  startup_stm32f407xx.o(.text)
    ETH_WKUP_IRQHandler                      0x080001b7   Thumb Code     0  startup_stm32f407xx.o(.text)
    EXTI0_IRQHandler                         0x080001b7   Thumb Code     0  startup_stm32f407xx.o(.text)
    EXTI15_10_IRQHandler                     0x080001b7   Thumb Code     0  startup_stm32f407xx.o(.text)
    EXTI1_IRQHandler                         0x080001b7   Thumb Code     0  startup_stm32f407xx.o(.text)
    EXTI2_IRQHandler                         0x080001b7   Thumb Code     0  startup_stm32f407xx.o(.text)
    EXTI3_IRQHandler                         0x080001b7   Thumb Code     0  startup_stm32f407xx.o(.text)
    EXTI4_IRQHandler                         0x080001b7   Thumb Code     0  startup_stm32f407xx.o(.text)
    EXTI9_5_IRQHandler                       0x080001b7   Thumb Code     0  startup_stm32f407xx.o(.text)
    FLASH_IRQHandler                         0x080001b7   Thumb Code     0  startup_stm32f407xx.o(.text)
    FMC_IRQHandler                           0x080001b7   Thumb Code     0  startup_stm32f407xx.o(.text)
    FPU_IRQHandler                           0x080001b7   Thumb Code     0  startup_stm32f407xx.o(.text)
    HASH_RNG_IRQHandler                      0x080001b7   Thumb Code     0  startup_stm32f407xx.o(.text)
    I2C1_ER_IRQHandler                       0x080001b7   Thumb Code     0  startup_stm32f407xx.o(.text)
    I2C1_EV_IRQHandler                       0x080001b7   Thumb Code     0  startup_stm32f407xx.o(.text)
    I2C2_ER_IRQHandler                       0x080001b7   Thumb Code     0  startup_stm32f407xx.o(.text)
    I2C2_EV_IRQHandler                       0x080001b7   Thumb Code     0  startup_stm32f407xx.o(.text)
    I2C3_ER_IRQHandler                       0x080001b7   Thumb Code     0  startup_stm32f407xx.o(.text)
    I2C3_EV_IRQHandler                       0x080001b7   Thumb Code     0  startup_stm32f407xx.o(.text)
    OTG_FS_WKUP_IRQHandler                   0x080001b7   Thumb Code     0  startup_stm32f407xx.o(.text)
    OTG_HS_EP1_IN_IRQHandler                 0x080001b7   Thumb Code     0  startup_stm32f407xx.o(.text)
    OTG_HS_EP1_OUT_IRQHandler                0x080001b7   Thumb Code     0  startup_stm32f407xx.o(.text)
    OTG_HS_IRQHandler                        0x080001b7   Thumb Code     0  startup_stm32f407xx.o(.text)
    OTG_HS_WKUP_IRQHandler                   0x080001b7   Thumb Code     0  startup_stm32f407xx.o(.text)
    PVD_IRQHandler                           0x080001b7   Thumb Code     0  startup_stm32f407xx.o(.text)
    RCC_IRQHandler                           0x080001b7   Thumb Code     0  startup_stm32f407xx.o(.text)
    RTC_Alarm_IRQHandler                     0x080001b7   Thumb Code     0  startup_stm32f407xx.o(.text)
    RTC_WKUP_IRQHandler                      0x080001b7   Thumb Code     0  startup_stm32f407xx.o(.text)
    SDIO_IRQHandler                          0x080001b7   Thumb Code     0  startup_stm32f407xx.o(.text)
    SPI1_IRQHandler                          0x080001b7   Thumb Code     0  startup_stm32f407xx.o(.text)
    SPI2_IRQHandler                          0x080001b7   Thumb Code     0  startup_stm32f407xx.o(.text)
    SPI3_IRQHandler                          0x080001b7   Thumb Code     0  startup_stm32f407xx.o(.text)
    TAMP_STAMP_IRQHandler                    0x080001b7   Thumb Code     0  startup_stm32f407xx.o(.text)
    TIM1_BRK_TIM9_IRQHandler                 0x080001b7   Thumb Code     0  startup_stm32f407xx.o(.text)
    TIM1_CC_IRQHandler                       0x080001b7   Thumb Code     0  startup_stm32f407xx.o(.text)
    TIM1_TRG_COM_TIM11_IRQHandler            0x080001b7   Thumb Code     0  startup_stm32f407xx.o(.text)
    TIM1_UP_TIM10_IRQHandler                 0x080001b7   Thumb Code     0  startup_stm32f407xx.o(.text)
    TIM2_IRQHandler                          0x080001b7   Thumb Code     0  startup_stm32f407xx.o(.text)
    TIM3_IRQHandler                          0x080001b7   Thumb Code     0  startup_stm32f407xx.o(.text)
    TIM4_IRQHandler                          0x080001b7   Thumb Code     0  startup_stm32f407xx.o(.text)
    TIM5_IRQHandler                          0x080001b7   Thumb Code     0  startup_stm32f407xx.o(.text)
    TIM6_DAC_IRQHandler                      0x080001b7   Thumb Code     0  startup_stm32f407xx.o(.text)
    TIM7_IRQHandler                          0x080001b7   Thumb Code     0  startup_stm32f407xx.o(.text)
    TIM8_BRK_TIM12_IRQHandler                0x080001b7   Thumb Code     0  startup_stm32f407xx.o(.text)
    TIM8_CC_IRQHandler                       0x080001b7   Thumb Code     0  startup_stm32f407xx.o(.text)
    TIM8_TRG_COM_TIM14_IRQHandler            0x080001b7   Thumb Code     0  startup_stm32f407xx.o(.text)
    TIM8_UP_TIM13_IRQHandler                 0x080001b7   Thumb Code     0  startup_stm32f407xx.o(.text)
    UART4_IRQHandler                         0x080001b7   Thumb Code     0  startup_stm32f407xx.o(.text)
    UART5_IRQHandler                         0x080001b7   Thumb Code     0  startup_stm32f407xx.o(.text)
    USART1_IRQHandler                        0x080001b7   Thumb Code     0  startup_stm32f407xx.o(.text)
    USART2_IRQHandler                        0x080001b7   Thumb Code     0  startup_stm32f407xx.o(.text)
    USART3_IRQHandler                        0x080001b7   Thumb Code     0  startup_stm32f407xx.o(.text)
    USART6_IRQHandler                        0x080001b7   Thumb Code     0  startup_stm32f407xx.o(.text)
    WWDG_IRQHandler                          0x080001b7   Thumb Code     0  startup_stm32f407xx.o(.text)
    __aeabi_uldivmod                         0x080001c1   Thumb Code    98  uldiv.o(.text)
    __aeabi_memcpy                           0x08000223   Thumb Code    36  memcpya.o(.text)
    __aeabi_memcpy4                          0x08000223   Thumb Code     0  memcpya.o(.text)
    __aeabi_memcpy8                          0x08000223   Thumb Code     0  memcpya.o(.text)
    __aeabi_memset                           0x08000247   Thumb Code    14  memseta.o(.text)
    __aeabi_memset4                          0x08000247   Thumb Code     0  memseta.o(.text)
    __aeabi_memset8                          0x08000247   Thumb Code     0  memseta.o(.text)
    __aeabi_memclr                           0x08000255   Thumb Code     4  memseta.o(.text)
    __aeabi_memclr4                          0x08000255   Thumb Code     0  memseta.o(.text)
    __aeabi_memclr8                          0x08000255   Thumb Code     0  memseta.o(.text)
    _memset$wrapper                          0x08000259   Thumb Code    18  memseta.o(.text)
    __aeabi_dmul                             0x0800026b   Thumb Code   228  dmul.o(.text)
    __aeabi_ui2d                             0x0800034f   Thumb Code    26  dfltui.o(.text)
    __aeabi_d2uiz                            0x08000369   Thumb Code    50  dfixui.o(.text)
    __aeabi_llsl                             0x0800039b   Thumb Code    30  llshl.o(.text)
    _ll_shift_l                              0x0800039b   Thumb Code     0  llshl.o(.text)
    __aeabi_llsr                             0x080003b9   Thumb Code    32  llushr.o(.text)
    _ll_ushift_r                             0x080003b9   Thumb Code     0  llushr.o(.text)
    __I$use$fp                               0x080003d9   Thumb Code     0  iusefp.o(.text)
    _double_round                            0x080003d9   Thumb Code    30  depilogue.o(.text)
    _double_epilogue                         0x080003f7   Thumb Code   156  depilogue.o(.text)
    __scatterload                            0x08000495   Thumb Code    28  init.o(.text)
    __scatterload_rt2                        0x08000495   Thumb Code     0  init.o(.text)
    BusFault_Handler                         0x080005e1   Thumb Code     2  stm32f4xx_it.o(i.BusFault_Handler)
    DMA1_Stream1_IRQHandler                  0x080006c1   Thumb Code     6  stm32f4xx_it.o(i.DMA1_Stream1_IRQHandler)
    DMA1_Stream3_IRQHandler                  0x080006cd   Thumb Code     6  stm32f4xx_it.o(i.DMA1_Stream3_IRQHandler)
    DMA1_Stream5_IRQHandler                  0x080006d9   Thumb Code     6  stm32f4xx_it.o(i.DMA1_Stream5_IRQHandler)
    DMA1_Stream6_IRQHandler                  0x080006e5   Thumb Code     6  stm32f4xx_it.o(i.DMA1_Stream6_IRQHandler)
    DMA2_Stream0_IRQHandler                  0x080006f1   Thumb Code     6  stm32f4xx_it.o(i.DMA2_Stream0_IRQHandler)
    DebugMon_Handler                         0x080007c9   Thumb Code     2  stm32f4xx_it.o(i.DebugMon_Handler)
    Error_Handler                            0x080007cb   Thumb Code     2  main.o(i.Error_Handler)
    HAL_ADC_ConfigChannel                    0x080007e5   Thumb Code   316  stm32f4xx_hal_adc.o(i.HAL_ADC_ConfigChannel)
    HAL_ADC_Init                             0x08000931   Thumb Code    84  stm32f4xx_hal_adc.o(i.HAL_ADC_Init)
    HAL_ADC_MspInit                          0x08000985   Thumb Code   130  adc.o(i.HAL_ADC_MspInit)
    HAL_DMA_IRQHandler                       0x08000a1d   Thumb Code   412  stm32f4xx_hal_dma.o(i.HAL_DMA_IRQHandler)
    HAL_DMA_Init                             0x08000bbd   Thumb Code   206  stm32f4xx_hal_dma.o(i.HAL_DMA_Init)
    HAL_Delay                                0x08000c91   Thumb Code    32  stm32f4xx_hal.o(i.HAL_Delay)
    HAL_GPIO_Init                            0x08000cb5   Thumb Code   394  stm32f4xx_hal_gpio.o(i.HAL_GPIO_Init)
    HAL_GPIO_WritePin                        0x08000e6d   Thumb Code    10  stm32f4xx_hal_gpio.o(i.HAL_GPIO_WritePin)
    HAL_GetTick                              0x08000e79   Thumb Code     6  stm32f4xx_hal.o(i.HAL_GetTick)
    HAL_HCD_Connect_Callback                 0x08000e85   Thumb Code     8  usbh_conf.o(i.HAL_HCD_Connect_Callback)
    HAL_HCD_Disconnect_Callback              0x08000e8d   Thumb Code     8  usbh_conf.o(i.HAL_HCD_Disconnect_Callback)
    HAL_HCD_GetCurrentFrame                  0x08000e95   Thumb Code     6  stm32f4xx_hal_hcd.o(i.HAL_HCD_GetCurrentFrame)
    HAL_HCD_GetCurrentSpeed                  0x08000e9b   Thumb Code     6  stm32f4xx_hal_hcd.o(i.HAL_HCD_GetCurrentSpeed)
    HAL_HCD_HC_GetURBState                   0x08000ea1   Thumb Code    14  stm32f4xx_hal_hcd.o(i.HAL_HCD_HC_GetURBState)
    HAL_HCD_HC_GetXferCount                  0x08000eaf   Thumb Code    12  stm32f4xx_hal_hcd.o(i.HAL_HCD_HC_GetXferCount)
    HAL_HCD_HC_Halt                          0x08000ebb   Thumb Code    36  stm32f4xx_hal_hcd.o(i.HAL_HCD_HC_Halt)
    HAL_HCD_HC_Init                          0x08000edf   Thumb Code   114  stm32f4xx_hal_hcd.o(i.HAL_HCD_HC_Init)
    HAL_HCD_HC_NotifyURBChange_Callback      0x08000f51   Thumb Code     2  usbh_conf.o(i.HAL_HCD_HC_NotifyURBChange_Callback)
    HAL_HCD_HC_SubmitRequest                 0x08000f53   Thumb Code   148  stm32f4xx_hal_hcd.o(i.HAL_HCD_HC_SubmitRequest)
    HAL_HCD_IRQHandler                       0x08000fe9   Thumb Code   304  stm32f4xx_hal_hcd.o(i.HAL_HCD_IRQHandler)
    HAL_HCD_Init                             0x08001119   Thumb Code   114  stm32f4xx_hal_hcd.o(i.HAL_HCD_Init)
    HAL_HCD_MspInit                          0x0800118d   Thumb Code   140  usbh_conf.o(i.HAL_HCD_MspInit)
    HAL_HCD_PortDisabled_Callback            0x08001221   Thumb Code     8  usbh_conf.o(i.HAL_HCD_PortDisabled_Callback)
    HAL_HCD_PortEnabled_Callback             0x08001229   Thumb Code     8  usbh_conf.o(i.HAL_HCD_PortEnabled_Callback)
    HAL_HCD_ResetPort                        0x08001231   Thumb Code     6  stm32f4xx_hal_hcd.o(i.HAL_HCD_ResetPort)
    HAL_HCD_SOF_Callback                     0x08001237   Thumb Code     8  usbh_conf.o(i.HAL_HCD_SOF_Callback)
    HAL_HCD_Start                            0x0800123f   Thumb Code    44  stm32f4xx_hal_hcd.o(i.HAL_HCD_Start)
    HAL_HCD_Stop                             0x0800126b   Thumb Code    36  stm32f4xx_hal_hcd.o(i.HAL_HCD_Stop)
    HAL_I2C_Init                             0x08001291   Thumb Code   376  stm32f4xx_hal_i2c.o(i.HAL_I2C_Init)
    HAL_I2C_MspInit                          0x08001419   Thumb Code   200  i2c.o(i.HAL_I2C_MspInit)
    HAL_I2SEx_FullDuplex_IRQHandler          0x080014f9   Thumb Code   492  stm32f4xx_hal_i2s_ex.o(i.HAL_I2SEx_FullDuplex_IRQHandler)
    HAL_I2SEx_TxRxCpltCallback               0x080016ed   Thumb Code     2  stm32f4xx_hal_i2s_ex.o(i.HAL_I2SEx_TxRxCpltCallback)
    HAL_I2S_ErrorCallback                    0x080016ef   Thumb Code     2  stm32f4xx_hal_i2s.o(i.HAL_I2S_ErrorCallback)
    HAL_I2S_Init                             0x080016f1   Thumb Code   354  stm32f4xx_hal_i2s.o(i.HAL_I2S_Init)
    HAL_I2S_MspInit                          0x08001865   Thumb Code   128  i2s.o(i.HAL_I2S_MspInit)
    HAL_I2S_RxCpltCallback                   0x080018f5   Thumb Code     2  stm32f4xx_hal_i2s.o(i.HAL_I2S_RxCpltCallback)
    HAL_I2S_TxCpltCallback                   0x080018f7   Thumb Code     2  stm32f4xx_hal_i2s.o(i.HAL_I2S_TxCpltCallback)
    HAL_IncTick                              0x080018f9   Thumb Code    12  stm32f4xx_hal.o(i.HAL_IncTick)
    HAL_Init                                 0x08001909   Thumb Code    48  stm32f4xx_hal.o(i.HAL_Init)
    HAL_InitTick                             0x0800193d   Thumb Code    54  stm32f4xx_hal.o(i.HAL_InitTick)
    HAL_MspInit                              0x0800197d   Thumb Code    48  stm32f4xx_hal_msp.o(i.HAL_MspInit)
    HAL_NVIC_EnableIRQ                       0x080019b1   Thumb Code    26  stm32f4xx_hal_cortex.o(i.HAL_NVIC_EnableIRQ)
    HAL_NVIC_SetPriority                     0x080019cd   Thumb Code    60  stm32f4xx_hal_cortex.o(i.HAL_NVIC_SetPriority)
    HAL_NVIC_SetPriorityGrouping             0x08001a0d   Thumb Code    26  stm32f4xx_hal_cortex.o(i.HAL_NVIC_SetPriorityGrouping)
    HAL_RCCEx_GetPeriphCLKFreq               0x08001a31   Thumb Code    76  stm32f4xx_hal_rcc_ex.o(i.HAL_RCCEx_GetPeriphCLKFreq)
    HAL_RCCEx_PeriphCLKConfig                0x08001a8d   Thumb Code   296  stm32f4xx_hal_rcc_ex.o(i.HAL_RCCEx_PeriphCLKConfig)
    HAL_RCC_ClockConfig                      0x08001bc9   Thumb Code   288  stm32f4xx_hal_rcc.o(i.HAL_RCC_ClockConfig)
    HAL_RCC_GetPCLK1Freq                     0x08001cfd   Thumb Code    20  stm32f4xx_hal_rcc.o(i.HAL_RCC_GetPCLK1Freq)
    HAL_RCC_GetPCLK2Freq                     0x08001d1d   Thumb Code    20  stm32f4xx_hal_rcc.o(i.HAL_RCC_GetPCLK2Freq)
    HAL_RCC_GetSysClockFreq                  0x08001d3d   Thumb Code    88  stm32f4xx_hal_rcc.o(i.HAL_RCC_GetSysClockFreq)
    HAL_RCC_OscConfig                        0x08001d9d   Thumb Code   840  stm32f4xx_hal_rcc.o(i.HAL_RCC_OscConfig)
    HAL_SPI_Init                             0x080020f9   Thumb Code   128  stm32f4xx_hal_spi.o(i.HAL_SPI_Init)
    HAL_SPI_MspInit                          0x08002179   Thumb Code    90  spi.o(i.HAL_SPI_MspInit)
    HAL_SYSTICK_Config                       0x080021e1   Thumb Code    40  stm32f4xx_hal_cortex.o(i.HAL_SYSTICK_Config)
    HAL_TIMEx_MasterConfigSynchronization    0x08002209   Thumb Code   116  stm32f4xx_hal_tim_ex.o(i.HAL_TIMEx_MasterConfigSynchronization)
    HAL_TIM_Base_Init                        0x08002299   Thumb Code    54  stm32f4xx_hal_tim.o(i.HAL_TIM_Base_Init)
    HAL_TIM_Base_MspInit                     0x080022d1   Thumb Code    52  tim.o(i.HAL_TIM_Base_MspInit)
    HAL_TIM_ConfigClockSource                0x0800230d   Thumb Code   214  stm32f4xx_hal_tim.o(i.HAL_TIM_ConfigClockSource)
    HAL_TIM_MspPostInit                      0x080023e5   Thumb Code   178  tim.o(i.HAL_TIM_MspPostInit)
    HAL_TIM_PWM_ConfigChannel                0x080024ad   Thumb Code   208  stm32f4xx_hal_tim.o(i.HAL_TIM_PWM_ConfigChannel)
    HAL_TIM_PWM_Init                         0x0800257d   Thumb Code    54  stm32f4xx_hal_tim.o(i.HAL_TIM_PWM_Init)
    HAL_TIM_PWM_MspInit                      0x080025b3   Thumb Code     2  stm32f4xx_hal_tim.o(i.HAL_TIM_PWM_MspInit)
    HAL_TIM_PWM_Start                        0x080025b5   Thumb Code    58  stm32f4xx_hal_tim.o(i.HAL_TIM_PWM_Start)
    HAL_UART_Init                            0x080025f9   Thumb Code    98  stm32f4xx_hal_uart.o(i.HAL_UART_Init)
    HAL_UART_MspInit                         0x0800265d   Thumb Code   338  usart.o(i.HAL_UART_MspInit)
    HardFault_Handler                        0x08002d91   Thumb Code     2  stm32f4xx_it.o(i.HardFault_Handler)
    MX_ADC1_Init                             0x08002f49   Thumb Code    88  adc.o(i.MX_ADC1_Init)
    MX_DMA_Init                              0x08002fad   Thumb Code   120  dma.o(i.MX_DMA_Init)
    MX_DriverVbusFS                          0x08003029   Thumb Code    16  usbh_platform.o(i.MX_DriverVbusFS)
    MX_GPIO_Init                             0x0800303d   Thumb Code   344  gpio.o(i.MX_GPIO_Init)
    MX_I2C1_Init                             0x080031b1   Thumb Code    50  i2c.o(i.MX_I2C1_Init)
    MX_I2C3_Init                             0x080031f1   Thumb Code    50  i2c.o(i.MX_I2C3_Init)
    MX_I2S3_Init                             0x08003231   Thumb Code    48  i2s.o(i.MX_I2S3_Init)
    MX_SPI1_Init                             0x0800326d   Thumb Code    60  spi.o(i.MX_SPI1_Init)
    MX_TIM2_Init                             0x080032b1   Thumb Code   172  tim.o(i.MX_TIM2_Init)
    MX_TIM3_Init                             0x08003361   Thumb Code   186  tim.o(i.MX_TIM3_Init)
    MX_USART2_UART_Init                      0x08003425   Thumb Code    48  usart.o(i.MX_USART2_UART_Init)
    MX_USART3_UART_Init                      0x0800345d   Thumb Code    48  usart.o(i.MX_USART3_UART_Init)
    MX_USB_HOST_Init                         0x08003495   Thumb Code    52  usb_host.o(i.MX_USB_HOST_Init)
    MX_USB_HOST_Process                      0x080034d5   Thumb Code     6  usb_host.o(i.MX_USB_HOST_Process)
    MemManage_Handler                        0x080034e1   Thumb Code     2  stm32f4xx_it.o(i.MemManage_Handler)
    NMI_Handler                              0x080034e3   Thumb Code     2  stm32f4xx_it.o(i.NMI_Handler)
    OTG_FS_IRQHandler                        0x080034e5   Thumb Code     6  stm32f4xx_it.o(i.OTG_FS_IRQHandler)
    PendSV_Handler                           0x080034f1   Thumb Code     2  stm32f4xx_it.o(i.PendSV_Handler)
    SVC_Handler                              0x080034f3   Thumb Code     2  stm32f4xx_it.o(i.SVC_Handler)
    SysTick_Handler                          0x080034f5   Thumb Code     4  stm32f4xx_it.o(i.SysTick_Handler)
    SystemClock_Config                       0x080034f9   Thumb Code   148  main.o(i.SystemClock_Config)
    SystemInit                               0x08003595   Thumb Code    22  system_stm32f4xx.o(i.SystemInit)
    TIM_Base_SetConfig                       0x080035b1   Thumb Code   156  stm32f4xx_hal_tim.o(i.TIM_Base_SetConfig)
    TIM_CCxChannelCmd                        0x08003679   Thumb Code    26  stm32f4xx_hal_tim.o(i.TIM_CCxChannelCmd)
    TIM_ETR_SetConfig                        0x08003693   Thumb Code    20  stm32f4xx_hal_tim.o(i.TIM_ETR_SetConfig)
    TIM_OC2_SetConfig                        0x08003719   Thumb Code    98  stm32f4xx_hal_tim.o(i.TIM_OC2_SetConfig)
    USBH_AllocPipe                           0x080039ad   Thumb Code    56  usbh_pipes.o(i.USBH_AllocPipe)
    USBH_BulkReceiveData                     0x080039e5   Thumb Code    32  usbh_ioreq.o(i.USBH_BulkReceiveData)
    USBH_BulkSendData                        0x08003a05   Thumb Code    40  usbh_ioreq.o(i.USBH_BulkSendData)
    USBH_CDC_LineCodingChanged               0x08003bf3   Thumb Code     2  usbh_cdc.o(i.USBH_CDC_LineCodingChanged)
    USBH_CDC_ReceiveCallback                 0x08003cad   Thumb Code     2  usbh_cdc.o(i.USBH_CDC_ReceiveCallback)
    USBH_CDC_TransmitCallback                0x08003cb3   Thumb Code     2  usbh_cdc.o(i.USBH_CDC_TransmitCallback)
    USBH_ClosePipe                           0x08003cb5   Thumb Code    10  usbh_pipes.o(i.USBH_ClosePipe)
    USBH_ClrFeature                          0x08003cbf   Thumb Code    30  usbh_ctlreq.o(i.USBH_ClrFeature)
    USBH_CtlReceiveData                      0x08003cdd   Thumb Code    30  usbh_ioreq.o(i.USBH_CtlReceiveData)
    USBH_CtlReq                              0x08003cfb   Thumb Code    58  usbh_ctlreq.o(i.USBH_CtlReq)
    USBH_CtlSendData                         0x08003d35   Thumb Code    40  usbh_ioreq.o(i.USBH_CtlSendData)
    USBH_CtlSendSetup                        0x08003d5d   Thumb Code    30  usbh_ioreq.o(i.USBH_CtlSendSetup)
    USBH_Delay                               0x08003d7b   Thumb Code     4  usbh_conf.o(i.USBH_Delay)
    USBH_FindInterface                       0x08003d81   Thumb Code    68  usbh_core.o(i.USBH_FindInterface)
    USBH_FreePipe                            0x08003dc5   Thumb Code    24  usbh_pipes.o(i.USBH_FreePipe)
    USBH_GetDescriptor                       0x08003ddd   Thumb Code    52  usbh_ctlreq.o(i.USBH_GetDescriptor)
    USBH_GetNextDesc                         0x08003e11   Thumb Code    14  usbh_ctlreq.o(i.USBH_GetNextDesc)
    USBH_Get_CfgDesc                         0x08003e1f   Thumb Code    44  usbh_ctlreq.o(i.USBH_Get_CfgDesc)
    USBH_Get_DevDesc                         0x08003e4b   Thumb Code   144  usbh_ctlreq.o(i.USBH_Get_DevDesc)
    USBH_Get_StringDesc                      0x08003edb   Thumb Code    72  usbh_ctlreq.o(i.USBH_Get_StringDesc)
    USBH_Get_USB_Status                      0x08003f23   Thumb Code    24  usbh_conf.o(i.USBH_Get_USB_Status)
    USBH_Init                                0x08004237   Thumb Code    62  usbh_core.o(i.USBH_Init)
    USBH_LL_ClosePipe                        0x08004275   Thumb Code    18  usbh_conf.o(i.USBH_LL_ClosePipe)
    USBH_LL_Connect                          0x08004287   Thumb Code    20  usbh_core.o(i.USBH_LL_Connect)
    USBH_LL_Disconnect                       0x0800429b   Thumb Code    46  usbh_core.o(i.USBH_LL_Disconnect)
    USBH_LL_DriverVBUS                       0x080042c9   Thumb Code    26  usbh_conf.o(i.USBH_LL_DriverVBUS)
    USBH_LL_GetLastXferSize                  0x080042e3   Thumb Code     8  usbh_conf.o(i.USBH_LL_GetLastXferSize)
    USBH_LL_GetSpeed                         0x080042eb   Thumb Code    34  usbh_conf.o(i.USBH_LL_GetSpeed)
    USBH_LL_GetURBState                      0x0800430d   Thumb Code     8  usbh_conf.o(i.USBH_LL_GetURBState)
    USBH_LL_IncTimer                         0x08004315   Thumb Code    30  usbh_core.o(i.USBH_LL_IncTimer)
    USBH_LL_Init                             0x08004335   Thumb Code    74  usbh_conf.o(i.USBH_LL_Init)
    USBH_LL_OpenPipe                         0x08004385   Thumb Code    28  usbh_conf.o(i.USBH_LL_OpenPipe)
    USBH_LL_PortDisabled                     0x080043a1   Thumb Code     8  usbh_core.o(i.USBH_LL_PortDisabled)
    USBH_LL_PortEnabled                      0x080043a9   Thumb Code     8  usbh_core.o(i.USBH_LL_PortEnabled)
    USBH_LL_ResetPort                        0x080043b1   Thumb Code    18  usbh_conf.o(i.USBH_LL_ResetPort)
    USBH_LL_SetTimer                         0x080043c3   Thumb Code     6  usbh_core.o(i.USBH_LL_SetTimer)
    USBH_LL_SetToggle                        0x080043c9   Thumb Code    32  usbh_conf.o(i.USBH_LL_SetToggle)
    USBH_LL_Start                            0x080043e9   Thumb Code    18  usbh_conf.o(i.USBH_LL_Start)
    USBH_LL_Stop                             0x080043fb   Thumb Code    18  usbh_conf.o(i.USBH_LL_Stop)
    USBH_LL_SubmitURB                        0x0800440d   Thumb Code    34  usbh_conf.o(i.USBH_LL_SubmitURB)
    USBH_OpenPipe                            0x0800442f   Thumb Code    20  usbh_pipes.o(i.USBH_OpenPipe)
    USBH_Process                             0x08004521   Thumb Code   552  usbh_core.o(i.USBH_Process)
    USBH_RegisterClass                       0x08004749   Thumb Code    28  usbh_core.o(i.USBH_RegisterClass)
    USBH_SelectInterface                     0x08004765   Thumb Code    22  usbh_core.o(i.USBH_SelectInterface)
    USBH_SetAddress                          0x0800477b   Thumb Code    28  usbh_ctlreq.o(i.USBH_SetAddress)
    USBH_SetCfg                              0x08004797   Thumb Code    28  usbh_ctlreq.o(i.USBH_SetCfg)
    USBH_SetFeature                          0x080047b3   Thumb Code    28  usbh_ctlreq.o(i.USBH_SetFeature)
    USBH_Start                               0x080047cf   Thumb Code    20  usbh_core.o(i.USBH_Start)
    USB_CoreInit                             0x08004805   Thumb Code   112  stm32f4xx_ll_usb.o(i.USB_CoreInit)
    USB_DisableGlobalInt                     0x080048b1   Thumb Code    12  stm32f4xx_ll_usb.o(i.USB_DisableGlobalInt)
    USB_DoPing                               0x080048bd   Thumb Code    30  stm32f4xx_ll_usb.o(i.USB_DoPing)
    USB_DriveVbus                            0x080048e1   Thumb Code    44  stm32f4xx_ll_usb.o(i.USB_DriveVbus)
    USB_EnableGlobalInt                      0x0800490d   Thumb Code    12  stm32f4xx_ll_usb.o(i.USB_EnableGlobalInt)
    USB_FlushRxFifo                          0x08004919   Thumb Code    28  stm32f4xx_ll_usb.o(i.USB_FlushRxFifo)
    USB_FlushTxFifo                          0x08004939   Thumb Code    32  stm32f4xx_ll_usb.o(i.USB_FlushTxFifo)
    USB_GetCurrentFrame                      0x0800495d   Thumb Code     8  stm32f4xx_ll_usb.o(i.USB_GetCurrentFrame)
    USB_GetHostSpeed                         0x08004965   Thumb Code    14  stm32f4xx_ll_usb.o(i.USB_GetHostSpeed)
    USB_GetMode                              0x08004973   Thumb Code     8  stm32f4xx_ll_usb.o(i.USB_GetMode)
    USB_HC_Halt                              0x0800497b   Thumb Code   194  stm32f4xx_ll_usb.o(i.USB_HC_Halt)
    USB_HC_Init                              0x08004a3d   Thumb Code   240  stm32f4xx_ll_usb.o(i.USB_HC_Init)
    USB_HC_ReadInterrupt                     0x08004b2d   Thumb Code     8  stm32f4xx_ll_usb.o(i.USB_HC_ReadInterrupt)
    USB_HC_StartXfer                         0x08004b35   Thumb Code   330  stm32f4xx_ll_usb.o(i.USB_HC_StartXfer)
    USB_HostInit                             0x08004c85   Thumb Code   194  stm32f4xx_ll_usb.o(i.USB_HostInit)
    USB_InitFSLSPClkSel                      0x08004d5d   Thumb Code    54  stm32f4xx_ll_usb.o(i.USB_InitFSLSPClkSel)
    USB_ReadInterrupts                       0x08004d93   Thumb Code     8  stm32f4xx_ll_usb.o(i.USB_ReadInterrupts)
    USB_ReadPacket                           0x08004d9b   Thumb Code    28  stm32f4xx_ll_usb.o(i.USB_ReadPacket)
    USB_ResetPort                            0x08004db7   Thumb Code    50  stm32f4xx_ll_usb.o(i.USB_ResetPort)
    USB_SetCurrentMode                       0x08004de9   Thumb Code    46  stm32f4xx_ll_usb.o(i.USB_SetCurrentMode)
    USB_StopHost                             0x08004e19   Thumb Code   126  stm32f4xx_ll_usb.o(i.USB_StopHost)
    USB_WritePacket                          0x08004e97   Thumb Code    36  stm32f4xx_ll_usb.o(i.USB_WritePacket)
    UsageFault_Handler                       0x08004ebb   Thumb Code     2  stm32f4xx_it.o(i.UsageFault_Handler)
    __scatterload_copy                       0x08004edd   Thumb Code    14  handlers.o(i.__scatterload_copy)
    __scatterload_null                       0x08004eeb   Thumb Code     2  handlers.o(i.__scatterload_null)
    __scatterload_zeroinit                   0x08004eed   Thumb Code    14  handlers.o(i.__scatterload_zeroinit)
    free                                     0x08004efd   Thumb Code    76  malloc.o(i.free)
    main                                     0x08004f4d   Thumb Code   112  main.o(i.main)
    malloc                                   0x08004fc5   Thumb Code    92  malloc.o(i.malloc)
    setFreq                                  0x08005031   Thumb Code    50  main.o(i.setFreq)
    singleMotor_RevRotation                  0x08005071   Thumb Code    48  main.o(i.singleMotor_RevRotation)
    AHBPrescTable                            0x080050ac   Data          16  system_stm32f4xx.o(.constdata)
    APBPrescTable                            0x080050bc   Data           8  system_stm32f4xx.o(.constdata)
    Region$$Table$$Base                      0x080050c8   Number         0  anon$$obj.o(Region$$Table)
    Region$$Table$$Limit                     0x080050e8   Number         0  anon$$obj.o(Region$$Table)
    firstCall_singleMotorRevolution          0x20000000   Data           1  main.o(.data)
    sys_Last_Tick                            0x20000004   Data           4  main.o(.data)
    m1_Velocity                              0x20000008   Data           4  main.o(.data)
    m1_Enable                                0x2000000c   Data           8  main.o(.data)
    m1_Direction                             0x20000014   Data           8  main.o(.data)
    Appli_state                              0x2000001c   Data           1  usb_host.o(.data)
    uwTickFreq                               0x20000024   Data           1  stm32f4xx_hal.o(.data)
    uwTickPrio                               0x20000028   Data           4  stm32f4xx_hal.o(.data)
    uwTick                                   0x2000002c   Data           4  stm32f4xx_hal.o(.data)
    SystemCoreClock                          0x20000030   Data           4  system_stm32f4xx.o(.data)
    CDC_Class                                0x20000034   Data          32  usbh_cdc.o(.data)
    __microlib_freelist                      0x20000054   Data           4  mvars.o(.data)
    __microlib_freelist_initialised          0x20000058   Data           4  mvars.o(.data)
    hadc1                                    0x2000005c   Data          72  adc.o(.bss)
    hdma_adc1                                0x200000a4   Data          96  adc.o(.bss)
    hi2c1                                    0x20000104   Data          84  i2c.o(.bss)
    hi2c3                                    0x20000158   Data          84  i2c.o(.bss)
    hi2s3                                    0x200001ac   Data          72  i2s.o(.bss)
    hspi1                                    0x200001f4   Data          88  spi.o(.bss)
    htim2                                    0x2000024c   Data          64  tim.o(.bss)
    htim3                                    0x2000028c   Data          64  tim.o(.bss)
    huart2                                   0x200002cc   Data          64  usart.o(.bss)
    huart3                                   0x2000030c   Data          64  usart.o(.bss)
    hdma_usart2_rx                           0x2000034c   Data          96  usart.o(.bss)
    hdma_usart2_tx                           0x200003ac   Data          96  usart.o(.bss)
    hdma_usart3_rx                           0x2000040c   Data          96  usart.o(.bss)
    hdma_usart3_tx                           0x2000046c   Data          96  usart.o(.bss)
    hUsbHostFS                               0x200004cc   Data         984  usb_host.o(.bss)
    hhcd_USB_OTG_FS                          0x200008a4   Data         708  usbh_conf.o(.bss)
    __heap_base                              0x20000b68   Data           0  startup_stm32f407xx.o(HEAP)
    __heap_limit                             0x20000d68   Data           0  startup_stm32f407xx.o(HEAP)
    __initial_sp                             0x20001168   Data           0  startup_stm32f407xx.o(STACK)



==============================================================================

Memory Map of the image

  Image Entry point : 0x08000189

  Load Region LR_IROM1 (Base: 0x08000000, Size: 0x00005144, Max: 0x00100000, ABSOLUTE)

    Execution Region ER_IROM1 (Exec base: 0x08000000, Load base: 0x08000000, Size: 0x000050e8, Max: 0x00100000, ABSOLUTE)

    Exec Addr    Load Addr    Size         Type   Attr      Idx    E Section Name        Object

    0x08000000   0x08000000   0x00000188   Data   RO            3    RESET               startup_stm32f407xx.o
    0x08000188   0x08000188   0x00000000   Code   RO         5630  * .ARM.Collect$$$$00000000  mc_w.l(entry.o)
    0x08000188   0x08000188   0x00000004   Code   RO         5675    .ARM.Collect$$$$00000001  mc_w.l(entry2.o)
    0x0800018c   0x0800018c   0x00000004   Code   RO         5678    .ARM.Collect$$$$00000004  mc_w.l(entry5.o)
    0x08000190   0x08000190   0x00000000   Code   RO         5680    .ARM.Collect$$$$00000008  mc_w.l(entry7b.o)
    0x08000190   0x08000190   0x00000000   Code   RO         5682    .ARM.Collect$$$$0000000A  mc_w.l(entry8b.o)
    0x08000190   0x08000190   0x00000008   Code   RO         5683    .ARM.Collect$$$$0000000B  mc_w.l(entry9a.o)
    0x08000198   0x08000198   0x00000000   Code   RO         5685    .ARM.Collect$$$$0000000D  mc_w.l(entry10a.o)
    0x08000198   0x08000198   0x00000000   Code   RO         5687    .ARM.Collect$$$$0000000F  mc_w.l(entry11a.o)
    0x08000198   0x08000198   0x00000004   Code   RO         5676    .ARM.Collect$$$$00002712  mc_w.l(entry2.o)
    0x0800019c   0x0800019c   0x00000024   Code   RO            4    .text               startup_stm32f407xx.o
    0x080001c0   0x080001c0   0x00000062   Code   RO         5633    .text               mc_w.l(uldiv.o)
    0x08000222   0x08000222   0x00000024   Code   RO         5635    .text               mc_w.l(memcpya.o)
    0x08000246   0x08000246   0x00000024   Code   RO         5637    .text               mc_w.l(memseta.o)
    0x0800026a   0x0800026a   0x000000e4   Code   RO         5669    .text               mf_w.l(dmul.o)
    0x0800034e   0x0800034e   0x0000001a   Code   RO         5671    .text               mf_w.l(dfltui.o)
    0x08000368   0x08000368   0x00000032   Code   RO         5673    .text               mf_w.l(dfixui.o)
    0x0800039a   0x0800039a   0x0000001e   Code   RO         5689    .text               mc_w.l(llshl.o)
    0x080003b8   0x080003b8   0x00000020   Code   RO         5691    .text               mc_w.l(llushr.o)
    0x080003d8   0x080003d8   0x00000000   Code   RO         5695    .text               mc_w.l(iusefp.o)
    0x080003d8   0x080003d8   0x000000ba   Code   RO         5696    .text               mf_w.l(depilogue.o)
    0x08000492   0x08000492   0x00000002   PAD
    0x08000494   0x08000494   0x00000024   Code   RO         5698    .text               mc_w.l(init.o)
    0x080004b8   0x080004b8   0x00000128   Code   RO         2577    i.ADC_Init          stm32f4xx_hal_adc.o
    0x080005e0   0x080005e0   0x00000002   Code   RO          824    i.BusFault_Handler  stm32f4xx_it.o
    0x080005e2   0x080005e2   0x00000002   PAD
    0x080005e4   0x080005e4   0x00000068   Code   RO         5514    i.CDC_ProcessReception  usbh_cdc.o
    0x0800064c   0x0800064c   0x00000072   Code   RO         5515    i.CDC_ProcessTransmission  usbh_cdc.o
    0x080006be   0x080006be   0x00000002   PAD
    0x080006c0   0x080006c0   0x0000000c   Code   RO          825    i.DMA1_Stream1_IRQHandler  stm32f4xx_it.o
    0x080006cc   0x080006cc   0x0000000c   Code   RO          826    i.DMA1_Stream3_IRQHandler  stm32f4xx_it.o
    0x080006d8   0x080006d8   0x0000000c   Code   RO          827    i.DMA1_Stream5_IRQHandler  stm32f4xx_it.o
    0x080006e4   0x080006e4   0x0000000c   Code   RO          828    i.DMA1_Stream6_IRQHandler  stm32f4xx_it.o
    0x080006f0   0x080006f0   0x0000000c   Code   RO          829    i.DMA2_Stream0_IRQHandler  stm32f4xx_it.o
    0x080006fc   0x080006fc   0x00000028   Code   RO         1901    i.DMA_CalcBaseAndBitshift  stm32f4xx_hal_dma.o
    0x08000724   0x08000724   0x00000054   Code   RO         1902    i.DMA_CheckFifoParam  stm32f4xx_hal_dma.o
    0x08000778   0x08000778   0x00000050   Code   RO         5171    i.DeInitStateMachine  usbh_core.o
    0x080007c8   0x080007c8   0x00000002   Code   RO          830    i.DebugMon_Handler  stm32f4xx_it.o
    0x080007ca   0x080007ca   0x00000002   Code   RO           13    i.Error_Handler     main.o
    0x080007cc   0x080007cc   0x00000016   Code   RO         5516    i.GetLineCoding     usbh_cdc.o
    0x080007e2   0x080007e2   0x00000002   PAD
    0x080007e4   0x080007e4   0x0000014c   Code   RO         2579    i.HAL_ADC_ConfigChannel  stm32f4xx_hal_adc.o
    0x08000930   0x08000930   0x00000054   Code   RO         2588    i.HAL_ADC_Init      stm32f4xx_hal_adc.o
    0x08000984   0x08000984   0x00000098   Code   RO          248    i.HAL_ADC_MspInit   adc.o
    0x08000a1c   0x08000a1c   0x000001a0   Code   RO         1909    i.HAL_DMA_IRQHandler  stm32f4xx_hal_dma.o
    0x08000bbc   0x08000bbc   0x000000d4   Code   RO         1910    i.HAL_DMA_Init      stm32f4xx_hal_dma.o
    0x08000c90   0x08000c90   0x00000024   Code   RO         2323    i.HAL_Delay         stm32f4xx_hal.o
    0x08000cb4   0x08000cb4   0x000001b8   Code   RO         1797    i.HAL_GPIO_Init     stm32f4xx_hal_gpio.o
    0x08000e6c   0x08000e6c   0x0000000a   Code   RO         1801    i.HAL_GPIO_WritePin  stm32f4xx_hal_gpio.o
    0x08000e76   0x08000e76   0x00000002   PAD
    0x08000e78   0x08000e78   0x0000000c   Code   RO         2329    i.HAL_GetTick       stm32f4xx_hal.o
    0x08000e84   0x08000e84   0x00000008   Code   RO          619    i.HAL_HCD_Connect_Callback  usbh_conf.o
    0x08000e8c   0x08000e8c   0x00000008   Code   RO          620    i.HAL_HCD_Disconnect_Callback  usbh_conf.o
    0x08000e94   0x08000e94   0x00000006   Code   RO          963    i.HAL_HCD_GetCurrentFrame  stm32f4xx_hal_hcd.o
    0x08000e9a   0x08000e9a   0x00000006   Code   RO          964    i.HAL_HCD_GetCurrentSpeed  stm32f4xx_hal_hcd.o
    0x08000ea0   0x08000ea0   0x0000000e   Code   RO          967    i.HAL_HCD_HC_GetURBState  stm32f4xx_hal_hcd.o
    0x08000eae   0x08000eae   0x0000000c   Code   RO          968    i.HAL_HCD_HC_GetXferCount  stm32f4xx_hal_hcd.o
    0x08000eba   0x08000eba   0x00000024   Code   RO          969    i.HAL_HCD_HC_Halt   stm32f4xx_hal_hcd.o
    0x08000ede   0x08000ede   0x00000072   Code   RO          970    i.HAL_HCD_HC_Init   stm32f4xx_hal_hcd.o
    0x08000f50   0x08000f50   0x00000002   Code   RO          621    i.HAL_HCD_HC_NotifyURBChange_Callback  usbh_conf.o
    0x08000f52   0x08000f52   0x00000094   Code   RO          972    i.HAL_HCD_HC_SubmitRequest  stm32f4xx_hal_hcd.o
    0x08000fe6   0x08000fe6   0x00000002   PAD
    0x08000fe8   0x08000fe8   0x00000130   Code   RO          973    i.HAL_HCD_IRQHandler  stm32f4xx_hal_hcd.o
    0x08001118   0x08001118   0x00000072   Code   RO          974    i.HAL_HCD_Init      stm32f4xx_hal_hcd.o
    0x0800118a   0x0800118a   0x00000002   PAD
    0x0800118c   0x0800118c   0x00000094   Code   RO          623    i.HAL_HCD_MspInit   usbh_conf.o
    0x08001220   0x08001220   0x00000008   Code   RO          624    i.HAL_HCD_PortDisabled_Callback  usbh_conf.o
    0x08001228   0x08001228   0x00000008   Code   RO          625    i.HAL_HCD_PortEnabled_Callback  usbh_conf.o
    0x08001230   0x08001230   0x00000006   Code   RO          979    i.HAL_HCD_ResetPort  stm32f4xx_hal_hcd.o
    0x08001236   0x08001236   0x00000008   Code   RO          626    i.HAL_HCD_SOF_Callback  usbh_conf.o
    0x0800123e   0x0800123e   0x0000002c   Code   RO          981    i.HAL_HCD_Start     stm32f4xx_hal_hcd.o
    0x0800126a   0x0800126a   0x00000024   Code   RO          982    i.HAL_HCD_Stop      stm32f4xx_hal_hcd.o
    0x0800128e   0x0800128e   0x00000002   PAD
    0x08001290   0x08001290   0x00000188   Code   RO         2860    i.HAL_I2C_Init      stm32f4xx_hal_i2c.o
    0x08001418   0x08001418   0x000000e0   Code   RO          314    i.HAL_I2C_MspInit   i2c.o
    0x080014f8   0x080014f8   0x000001f4   Code   RO         3473    i.HAL_I2SEx_FullDuplex_IRQHandler  stm32f4xx_hal_i2s_ex.o
    0x080016ec   0x080016ec   0x00000002   Code   RO         3477    i.HAL_I2SEx_TxRxCpltCallback  stm32f4xx_hal_i2s_ex.o
    0x080016ee   0x080016ee   0x00000002   Code   RO         3298    i.HAL_I2S_ErrorCallback  stm32f4xx_hal_i2s.o
    0x080016f0   0x080016f0   0x00000174   Code   RO         3302    i.HAL_I2S_Init      stm32f4xx_hal_i2s.o
    0x08001864   0x08001864   0x00000090   Code   RO          362    i.HAL_I2S_MspInit   i2s.o
    0x080018f4   0x080018f4   0x00000002   Code   RO         3308    i.HAL_I2S_RxCpltCallback  stm32f4xx_hal_i2s.o
    0x080018f6   0x080018f6   0x00000002   Code   RO         3313    i.HAL_I2S_TxCpltCallback  stm32f4xx_hal_i2s.o
    0x080018f8   0x080018f8   0x00000010   Code   RO         2335    i.HAL_IncTick       stm32f4xx_hal.o
    0x08001908   0x08001908   0x00000034   Code   RO         2336    i.HAL_Init          stm32f4xx_hal.o
    0x0800193c   0x0800193c   0x00000040   Code   RO         2337    i.HAL_InitTick      stm32f4xx_hal.o
    0x0800197c   0x0800197c   0x00000034   Code   RO          936    i.HAL_MspInit       stm32f4xx_hal_msp.o
    0x080019b0   0x080019b0   0x0000001a   Code   RO         2186    i.HAL_NVIC_EnableIRQ  stm32f4xx_hal_cortex.o
    0x080019ca   0x080019ca   0x00000002   PAD
    0x080019cc   0x080019cc   0x00000040   Code   RO         2192    i.HAL_NVIC_SetPriority  stm32f4xx_hal_cortex.o
    0x08001a0c   0x08001a0c   0x00000024   Code   RO         2193    i.HAL_NVIC_SetPriorityGrouping  stm32f4xx_hal_cortex.o
    0x08001a30   0x08001a30   0x0000005c   Code   RO         1547    i.HAL_RCCEx_GetPeriphCLKFreq  stm32f4xx_hal_rcc_ex.o
    0x08001a8c   0x08001a8c   0x0000013c   Code   RO         1548    i.HAL_RCCEx_PeriphCLKConfig  stm32f4xx_hal_rcc_ex.o
    0x08001bc8   0x08001bc8   0x00000134   Code   RO         1443    i.HAL_RCC_ClockConfig  stm32f4xx_hal_rcc.o
    0x08001cfc   0x08001cfc   0x00000020   Code   RO         1450    i.HAL_RCC_GetPCLK1Freq  stm32f4xx_hal_rcc.o
    0x08001d1c   0x08001d1c   0x00000020   Code   RO         1451    i.HAL_RCC_GetPCLK2Freq  stm32f4xx_hal_rcc.o
    0x08001d3c   0x08001d3c   0x00000060   Code   RO         1452    i.HAL_RCC_GetSysClockFreq  stm32f4xx_hal_rcc.o
    0x08001d9c   0x08001d9c   0x0000035c   Code   RO         1455    i.HAL_RCC_OscConfig  stm32f4xx_hal_rcc.o
    0x080020f8   0x080020f8   0x00000080   Code   RO         3568    i.HAL_SPI_Init      stm32f4xx_hal_spi.o
    0x08002178   0x08002178   0x00000068   Code   RO          404    i.HAL_SPI_MspInit   spi.o
    0x080021e0   0x080021e0   0x00000028   Code   RO         2197    i.HAL_SYSTICK_Config  stm32f4xx_hal_cortex.o
    0x08002208   0x08002208   0x00000090   Code   RO         4574    i.HAL_TIMEx_MasterConfigSynchronization  stm32f4xx_hal_tim_ex.o
    0x08002298   0x08002298   0x00000036   Code   RO         3881    i.HAL_TIM_Base_Init  stm32f4xx_hal_tim.o
    0x080022ce   0x080022ce   0x00000002   PAD
    0x080022d0   0x080022d0   0x0000003c   Code   RO          446    i.HAL_TIM_Base_MspInit  tim.o
    0x0800230c   0x0800230c   0x000000d6   Code   RO         3890    i.HAL_TIM_ConfigClockSource  stm32f4xx_hal_tim.o
    0x080023e2   0x080023e2   0x00000002   PAD
    0x080023e4   0x080023e4   0x000000c8   Code   RO          447    i.HAL_TIM_MspPostInit  tim.o
    0x080024ac   0x080024ac   0x000000d0   Code   RO         3948    i.HAL_TIM_PWM_ConfigChannel  stm32f4xx_hal_tim.o
    0x0800257c   0x0800257c   0x00000036   Code   RO         3951    i.HAL_TIM_PWM_Init  stm32f4xx_hal_tim.o
    0x080025b2   0x080025b2   0x00000002   Code   RO         3953    i.HAL_TIM_PWM_MspInit  stm32f4xx_hal_tim.o
    0x080025b4   0x080025b4   0x00000044   Code   RO         3956    i.HAL_TIM_PWM_Start  stm32f4xx_hal_tim.o
    0x080025f8   0x080025f8   0x00000062   Code   RO         4832    i.HAL_UART_Init     stm32f4xx_hal_uart.o
    0x0800265a   0x0800265a   0x00000002   PAD
    0x0800265c   0x0800265c   0x00000174   Code   RO          500    i.HAL_UART_MspInit  usart.o
    0x080027d0   0x080027d0   0x00000278   Code   RO          984    i.HCD_HC_IN_IRQHandler  stm32f4xx_hal_hcd.o
    0x08002a48   0x08002a48   0x00000244   Code   RO          985    i.HCD_HC_OUT_IRQHandler  stm32f4xx_hal_hcd.o
    0x08002c8c   0x08002c8c   0x00000094   Code   RO          986    i.HCD_Port_IRQHandler  stm32f4xx_hal_hcd.o
    0x08002d20   0x08002d20   0x00000070   Code   RO          987    i.HCD_RXQLVL_IRQHandler  stm32f4xx_hal_hcd.o
    0x08002d90   0x08002d90   0x00000002   Code   RO          831    i.HardFault_Handler  stm32f4xx_it.o
    0x08002d92   0x08002d92   0x00000002   PAD
    0x08002d94   0x08002d94   0x00000060   Code   RO         3480    i.I2SEx_RxISR_I2SExt  stm32f4xx_hal_i2s_ex.o
    0x08002df4   0x08002df4   0x00000060   Code   RO         3481    i.I2SEx_TxISR_I2SExt  stm32f4xx_hal_i2s_ex.o
    0x08002e54   0x08002e54   0x000000f2   Code   RO         3320    i.I2S_IRQHandler    stm32f4xx_hal_i2s.o
    0x08002f46   0x08002f46   0x00000002   PAD
    0x08002f48   0x08002f48   0x00000064   Code   RO          249    i.MX_ADC1_Init      adc.o
    0x08002fac   0x08002fac   0x0000007c   Code   RO          289    i.MX_DMA_Init       dma.o
    0x08003028   0x08003028   0x00000014   Code   RO          800    i.MX_DriverVbusFS   usbh_platform.o
    0x0800303c   0x0800303c   0x00000174   Code   RO          223    i.MX_GPIO_Init      gpio.o
    0x080031b0   0x080031b0   0x00000040   Code   RO          315    i.MX_I2C1_Init      i2c.o
    0x080031f0   0x080031f0   0x00000040   Code   RO          316    i.MX_I2C3_Init      i2c.o
    0x08003230   0x08003230   0x0000003c   Code   RO          363    i.MX_I2S3_Init      i2s.o
    0x0800326c   0x0800326c   0x00000044   Code   RO          405    i.MX_SPI1_Init      spi.o
    0x080032b0   0x080032b0   0x000000b0   Code   RO          448    i.MX_TIM2_Init      tim.o
    0x08003360   0x08003360   0x000000c4   Code   RO          449    i.MX_TIM3_Init      tim.o
    0x08003424   0x08003424   0x00000038   Code   RO          501    i.MX_USART2_UART_Init  usart.o
    0x0800345c   0x0800345c   0x00000038   Code   RO          502    i.MX_USART3_UART_Init  usart.o
    0x08003494   0x08003494   0x00000040   Code   RO          547    i.MX_USB_HOST_Init  usb_host.o
    0x080034d4   0x080034d4   0x0000000c   Code   RO          548    i.MX_USB_HOST_Process  usb_host.o
    0x080034e0   0x080034e0   0x00000002   Code   RO          832    i.MemManage_Handler  stm32f4xx_it.o
    0x080034e2   0x080034e2   0x00000002   Code   RO          833    i.NMI_Handler       stm32f4xx_it.o
    0x080034e4   0x080034e4   0x0000000c   Code   RO          834    i.OTG_FS_IRQHandler  stm32f4xx_it.o
    0x080034f0   0x080034f0   0x00000002   Code   RO          835    i.PendSV_Handler    stm32f4xx_it.o
    0x080034f2   0x080034f2   0x00000002   Code   RO          836    i.SVC_Handler       stm32f4xx_it.o
    0x080034f4   0x080034f4   0x00000004   Code   RO          837    i.SysTick_Handler   stm32f4xx_it.o
    0x080034f8   0x080034f8   0x0000009c   Code   RO           14    i.SystemClock_Config  main.o
    0x08003594   0x08003594   0x0000001c   Code   RO         5134    i.SystemInit        system_stm32f4xx.o
    0x080035b0   0x080035b0   0x000000c8   Code   RO         3969    i.TIM_Base_SetConfig  stm32f4xx_hal_tim.o
    0x08003678   0x08003678   0x0000001a   Code   RO         3970    i.TIM_CCxChannelCmd  stm32f4xx_hal_tim.o
    0x08003692   0x08003692   0x00000014   Code   RO         3980    i.TIM_ETR_SetConfig  stm32f4xx_hal_tim.o
    0x080036a6   0x080036a6   0x00000010   Code   RO         3981    i.TIM_ITRx_SetConfig  stm32f4xx_hal_tim.o
    0x080036b6   0x080036b6   0x00000002   PAD
    0x080036b8   0x080036b8   0x00000060   Code   RO         3982    i.TIM_OC1_SetConfig  stm32f4xx_hal_tim.o
    0x08003718   0x08003718   0x0000006c   Code   RO         3983    i.TIM_OC2_SetConfig  stm32f4xx_hal_tim.o
    0x08003784   0x08003784   0x00000068   Code   RO         3984    i.TIM_OC3_SetConfig  stm32f4xx_hal_tim.o
    0x080037ec   0x080037ec   0x00000050   Code   RO         3985    i.TIM_OC4_SetConfig  stm32f4xx_hal_tim.o
    0x0800383c   0x0800383c   0x00000022   Code   RO         3987    i.TIM_TI1_ConfigInputStage  stm32f4xx_hal_tim.o
    0x0800385e   0x0800385e   0x00000024   Code   RO         3989    i.TIM_TI2_ConfigInputStage  stm32f4xx_hal_tim.o
    0x08003882   0x08003882   0x00000002   PAD
    0x08003884   0x08003884   0x00000128   Code   RO         4858    i.UART_SetConfig    stm32f4xx_hal_uart.o
    0x080039ac   0x080039ac   0x00000038   Code   RO         5472    i.USBH_AllocPipe    usbh_pipes.o
    0x080039e4   0x080039e4   0x00000020   Code   RO         5400    i.USBH_BulkReceiveData  usbh_ioreq.o
    0x08003a04   0x08003a04   0x00000028   Code   RO         5401    i.USBH_BulkSendData  usbh_ioreq.o
    0x08003a2c   0x08003a2c   0x00000024   Code   RO         5517    i.USBH_CDC_ClassRequest  usbh_cdc.o
    0x08003a50   0x08003a50   0x0000005e   Code   RO         5520    i.USBH_CDC_InterfaceDeInit  usbh_cdc.o
    0x08003aae   0x08003aae   0x00000144   Code   RO         5521    i.USBH_CDC_InterfaceInit  usbh_cdc.o
    0x08003bf2   0x08003bf2   0x00000002   Code   RO         5522    i.USBH_CDC_LineCodingChanged  usbh_cdc.o
    0x08003bf4   0x08003bf4   0x000000b8   Code   RO         5523    i.USBH_CDC_Process  usbh_cdc.o
    0x08003cac   0x08003cac   0x00000002   Code   RO         5525    i.USBH_CDC_ReceiveCallback  usbh_cdc.o
    0x08003cae   0x08003cae   0x00000004   Code   RO         5526    i.USBH_CDC_SOFProcess  usbh_cdc.o
    0x08003cb2   0x08003cb2   0x00000002   Code   RO         5530    i.USBH_CDC_TransmitCallback  usbh_cdc.o
    0x08003cb4   0x08003cb4   0x0000000a   Code   RO         5473    i.USBH_ClosePipe    usbh_pipes.o
    0x08003cbe   0x08003cbe   0x0000001e   Code   RO         5306    i.USBH_ClrFeature   usbh_ctlreq.o
    0x08003cdc   0x08003cdc   0x0000001e   Code   RO         5402    i.USBH_CtlReceiveData  usbh_ioreq.o
    0x08003cfa   0x08003cfa   0x0000003a   Code   RO         5307    i.USBH_CtlReq       usbh_ctlreq.o
    0x08003d34   0x08003d34   0x00000028   Code   RO         5403    i.USBH_CtlSendData  usbh_ioreq.o
    0x08003d5c   0x08003d5c   0x0000001e   Code   RO         5404    i.USBH_CtlSendSetup  usbh_ioreq.o
    0x08003d7a   0x08003d7a   0x00000004   Code   RO          627    i.USBH_Delay        usbh_conf.o
    0x08003d7e   0x08003d7e   0x00000002   PAD
    0x08003d80   0x08003d80   0x00000044   Code   RO         5173    i.USBH_FindInterface  usbh_core.o
    0x08003dc4   0x08003dc4   0x00000018   Code   RO         5474    i.USBH_FreePipe     usbh_pipes.o
    0x08003ddc   0x08003ddc   0x00000034   Code   RO         5308    i.USBH_GetDescriptor  usbh_ctlreq.o
    0x08003e10   0x08003e10   0x0000000e   Code   RO         5309    i.USBH_GetNextDesc  usbh_ctlreq.o
    0x08003e1e   0x08003e1e   0x0000002c   Code   RO         5310    i.USBH_Get_CfgDesc  usbh_ctlreq.o
    0x08003e4a   0x08003e4a   0x00000090   Code   RO         5311    i.USBH_Get_DevDesc  usbh_ctlreq.o
    0x08003eda   0x08003eda   0x00000048   Code   RO         5312    i.USBH_Get_StringDesc  usbh_ctlreq.o
    0x08003f22   0x08003f22   0x00000018   Code   RO          628    i.USBH_Get_USB_Status  usbh_conf.o
    0x08003f3a   0x08003f3a   0x00000192   Code   RO         5313    i.USBH_HandleControl  usbh_ctlreq.o
    0x080040cc   0x080040cc   0x0000016a   Code   RO         5176    i.USBH_HandleEnum   usbh_core.o
    0x08004236   0x08004236   0x0000003e   Code   RO         5177    i.USBH_Init         usbh_core.o
    0x08004274   0x08004274   0x00000012   Code   RO          629    i.USBH_LL_ClosePipe  usbh_conf.o
    0x08004286   0x08004286   0x00000014   Code   RO         5179    i.USBH_LL_Connect   usbh_core.o
    0x0800429a   0x0800429a   0x0000002e   Code   RO         5180    i.USBH_LL_Disconnect  usbh_core.o
    0x080042c8   0x080042c8   0x0000001a   Code   RO          631    i.USBH_LL_DriverVBUS  usbh_conf.o
    0x080042e2   0x080042e2   0x00000008   Code   RO          632    i.USBH_LL_GetLastXferSize  usbh_conf.o
    0x080042ea   0x080042ea   0x00000022   Code   RO          633    i.USBH_LL_GetSpeed  usbh_conf.o
    0x0800430c   0x0800430c   0x00000008   Code   RO          635    i.USBH_LL_GetURBState  usbh_conf.o
    0x08004314   0x08004314   0x0000001e   Code   RO         5181    i.USBH_LL_IncTimer  usbh_core.o
    0x08004332   0x08004332   0x00000002   PAD
    0x08004334   0x08004334   0x00000050   Code   RO          636    i.USBH_LL_Init      usbh_conf.o
    0x08004384   0x08004384   0x0000001c   Code   RO          637    i.USBH_LL_OpenPipe  usbh_conf.o
    0x080043a0   0x080043a0   0x00000008   Code   RO         5182    i.USBH_LL_PortDisabled  usbh_core.o
    0x080043a8   0x080043a8   0x00000008   Code   RO         5183    i.USBH_LL_PortEnabled  usbh_core.o
    0x080043b0   0x080043b0   0x00000012   Code   RO          638    i.USBH_LL_ResetPort  usbh_conf.o
    0x080043c2   0x080043c2   0x00000006   Code   RO         5184    i.USBH_LL_SetTimer  usbh_core.o
    0x080043c8   0x080043c8   0x00000020   Code   RO          639    i.USBH_LL_SetToggle  usbh_conf.o
    0x080043e8   0x080043e8   0x00000012   Code   RO          640    i.USBH_LL_Start     usbh_conf.o
    0x080043fa   0x080043fa   0x00000012   Code   RO          641    i.USBH_LL_Stop      usbh_conf.o
    0x0800440c   0x0800440c   0x00000022   Code   RO          642    i.USBH_LL_SubmitURB  usbh_conf.o
    0x0800442e   0x0800442e   0x00000014   Code   RO         5475    i.USBH_OpenPipe     usbh_pipes.o
    0x08004442   0x08004442   0x000000dc   Code   RO         5314    i.USBH_ParseCfgDesc  usbh_ctlreq.o
    0x0800451e   0x0800451e   0x00000002   PAD
    0x08004520   0x08004520   0x00000228   Code   RO         5185    i.USBH_Process      usbh_core.o
    0x08004748   0x08004748   0x0000001c   Code   RO         5187    i.USBH_RegisterClass  usbh_core.o
    0x08004764   0x08004764   0x00000016   Code   RO         5188    i.USBH_SelectInterface  usbh_core.o
    0x0800477a   0x0800477a   0x0000001c   Code   RO         5315    i.USBH_SetAddress   usbh_ctlreq.o
    0x08004796   0x08004796   0x0000001c   Code   RO         5316    i.USBH_SetCfg       usbh_ctlreq.o
    0x080047b2   0x080047b2   0x0000001c   Code   RO         5317    i.USBH_SetFeature   usbh_ctlreq.o
    0x080047ce   0x080047ce   0x00000014   Code   RO         5189    i.USBH_Start        usbh_core.o
    0x080047e2   0x080047e2   0x00000002   PAD
    0x080047e4   0x080047e4   0x00000020   Code   RO          549    i.USBH_UserProcess  usb_host.o
    0x08004804   0x08004804   0x00000074   Code   RO         1147    i.USB_CoreInit      stm32f4xx_ll_usb.o
    0x08004878   0x08004878   0x00000038   Code   RO         1148    i.USB_CoreReset     stm32f4xx_ll_usb.o
    0x080048b0   0x080048b0   0x0000000c   Code   RO         1155    i.USB_DisableGlobalInt  stm32f4xx_ll_usb.o
    0x080048bc   0x080048bc   0x00000024   Code   RO         1156    i.USB_DoPing        stm32f4xx_ll_usb.o
    0x080048e0   0x080048e0   0x0000002c   Code   RO         1157    i.USB_DriveVbus     stm32f4xx_ll_usb.o
    0x0800490c   0x0800490c   0x0000000c   Code   RO         1163    i.USB_EnableGlobalInt  stm32f4xx_ll_usb.o
    0x08004918   0x08004918   0x00000020   Code   RO         1164    i.USB_FlushRxFifo   stm32f4xx_ll_usb.o
    0x08004938   0x08004938   0x00000024   Code   RO         1165    i.USB_FlushTxFifo   stm32f4xx_ll_usb.o
    0x0800495c   0x0800495c   0x00000008   Code   RO         1166    i.USB_GetCurrentFrame  stm32f4xx_ll_usb.o
    0x08004964   0x08004964   0x0000000e   Code   RO         1168    i.USB_GetHostSpeed  stm32f4xx_ll_usb.o
    0x08004972   0x08004972   0x00000008   Code   RO         1169    i.USB_GetMode       stm32f4xx_ll_usb.o
    0x0800497a   0x0800497a   0x000000c2   Code   RO         1170    i.USB_HC_Halt       stm32f4xx_ll_usb.o
    0x08004a3c   0x08004a3c   0x000000f0   Code   RO         1171    i.USB_HC_Init       stm32f4xx_ll_usb.o
    0x08004b2c   0x08004b2c   0x00000008   Code   RO         1172    i.USB_HC_ReadInterrupt  stm32f4xx_ll_usb.o
    0x08004b34   0x08004b34   0x00000150   Code   RO         1173    i.USB_HC_StartXfer  stm32f4xx_ll_usb.o
    0x08004c84   0x08004c84   0x000000d8   Code   RO         1174    i.USB_HostInit      stm32f4xx_ll_usb.o
    0x08004d5c   0x08004d5c   0x00000036   Code   RO         1175    i.USB_InitFSLSPClkSel  stm32f4xx_ll_usb.o
    0x08004d92   0x08004d92   0x00000008   Code   RO         1180    i.USB_ReadInterrupts  stm32f4xx_ll_usb.o
    0x08004d9a   0x08004d9a   0x0000001c   Code   RO         1181    i.USB_ReadPacket    stm32f4xx_ll_usb.o
    0x08004db6   0x08004db6   0x00000032   Code   RO         1182    i.USB_ResetPort     stm32f4xx_ll_usb.o
    0x08004de8   0x08004de8   0x0000002e   Code   RO         1183    i.USB_SetCurrentMode  stm32f4xx_ll_usb.o
    0x08004e16   0x08004e16   0x00000002   PAD
    0x08004e18   0x08004e18   0x0000007e   Code   RO         1188    i.USB_StopHost      stm32f4xx_ll_usb.o
    0x08004e96   0x08004e96   0x00000024   Code   RO         1189    i.USB_WritePacket   stm32f4xx_ll_usb.o
    0x08004eba   0x08004eba   0x00000002   Code   RO          838    i.UsageFault_Handler  stm32f4xx_it.o
    0x08004ebc   0x08004ebc   0x00000020   Code   RO         2199    i.__NVIC_SetPriority  stm32f4xx_hal_cortex.o
    0x08004edc   0x08004edc   0x0000000e   Code   RO         5702    i.__scatterload_copy  mc_w.l(handlers.o)
    0x08004eea   0x08004eea   0x00000002   Code   RO         5703    i.__scatterload_null  mc_w.l(handlers.o)
    0x08004eec   0x08004eec   0x0000000e   Code   RO         5704    i.__scatterload_zeroinit  mc_w.l(handlers.o)
    0x08004efa   0x08004efa   0x00000002   PAD
    0x08004efc   0x08004efc   0x00000050   Code   RO         5641    i.free              mc_w.l(malloc.o)
    0x08004f4c   0x08004f4c   0x00000078   Code   RO           15    i.main              main.o
    0x08004fc4   0x08004fc4   0x0000006c   Code   RO         5642    i.malloc            mc_w.l(malloc.o)
    0x08005030   0x08005030   0x00000040   Code   RO           16    i.setFreq           main.o
    0x08005070   0x08005070   0x00000034   Code   RO           17    i.singleMotor_RevRotation  main.o
    0x080050a4   0x080050a4   0x00000008   Data   RO         1916    .constdata          stm32f4xx_hal_dma.o
    0x080050ac   0x080050ac   0x00000010   Data   RO         5135    .constdata          system_stm32f4xx.o
    0x080050bc   0x080050bc   0x00000008   Data   RO         5136    .constdata          system_stm32f4xx.o
    0x080050c4   0x080050c4   0x00000004   Data   RO         5531    .conststring        usbh_cdc.o
    0x080050c8   0x080050c8   0x00000020   Data   RO         5700    Region$$Table       anon$$obj.o


    Execution Region RW_IRAM2 (Exec base: 0x10000000, Load base: 0x08005144, Size: 0x00000000, Max: 0x00010000, ABSOLUTE)

    **** No section assigned to this execution region ****


    Execution Region RW_IRAM1 (Exec base: 0x20000000, Load base: 0x080050e8, Size: 0x00001168, Max: 0x00020000, ABSOLUTE)

    Exec Addr    Load Addr    Size         Type   Attr      Idx    E Section Name        Object

    0x20000000   0x080050e8   0x0000001c   Data   RW           18    .data               main.o
    0x2000001c   0x08005104   0x00000001   Data   RW          551    .data               usb_host.o
    0x2000001d   0x08005105   0x00000003   PAD
    0x20000020   0x08005108   0x00000004   Data   RW         1190    .data               stm32f4xx_ll_usb.o
    0x20000024   0x0800510c   0x0000000c   Data   RW         2343    .data               stm32f4xx_hal.o
    0x20000030   0x08005118   0x00000004   Data   RW         5137    .data               system_stm32f4xx.o
    0x20000034   0x0800511c   0x00000020   Data   RW         5532    .data               usbh_cdc.o
    0x20000054   0x0800513c   0x00000004   Data   RW         5693    .data               mc_w.l(mvars.o)
    0x20000058   0x08005140   0x00000004   Data   RW         5694    .data               mc_w.l(mvars.o)
    0x2000005c        -       0x000000a8   Zero   RW          250    .bss                adc.o
    0x20000104        -       0x000000a8   Zero   RW          317    .bss                i2c.o
    0x200001ac        -       0x00000048   Zero   RW          364    .bss                i2s.o
    0x200001f4        -       0x00000058   Zero   RW          406    .bss                spi.o
    0x2000024c        -       0x00000080   Zero   RW          450    .bss                tim.o
    0x200002cc        -       0x00000200   Zero   RW          503    .bss                usart.o
    0x200004cc        -       0x000003d8   Zero   RW          550    .bss                usb_host.o
    0x200008a4        -       0x000002c4   Zero   RW          643    .bss                usbh_conf.o
    0x20000b68        -       0x00000200   Zero   RW            2    HEAP                startup_stm32f407xx.o
    0x20000d68        -       0x00000400   Zero   RW            1    STACK               startup_stm32f407xx.o


==============================================================================

Image component sizes


      Code (inc. data)   RO Data    RW Data    ZI Data      Debug   Object Name

       252         34          0          0        168       1767   adc.o
       124          4          0          0          0        838   dma.o
       372         28          0          0          0       1111   gpio.o
       352         52          0          0        168       2398   i2c.o
       204         28          0          0         72       1721   i2s.o
       394         34          0         28          0     731987   main.o
       172         22          0          0         88       1677   spi.o
        36          8        392          0       1536        844   startup_stm32f407xx.o
       180         28          0         12          0       9465   stm32f4xx_hal.o
       712         28          0          0          0       2915   stm32f4xx_hal_adc.o
       198         14          0          0          0      33995   stm32f4xx_hal_cortex.o
       752         16          8          0          0       4108   stm32f4xx_hal_dma.o
       450         46          0          0          0       2420   stm32f4xx_hal_gpio.o
      2312          4          0          0          0      13893   stm32f4xx_hal_hcd.o
       392         16          0          0          0       3119   stm32f4xx_hal_i2c.o
       620         18          0          0          0       4229   stm32f4xx_hal_i2s.o
       694         24          0          0          0       3783   stm32f4xx_hal_i2s_ex.o
        52          4          0          0          0        854   stm32f4xx_hal_msp.o
      1328         72          0          0          0       5276   stm32f4xx_hal_rcc.o
       408         36          0          0          0       2305   stm32f4xx_hal_rcc_ex.o
       128          0          0          0          0       1179   stm32f4xx_hal_spi.o
      1320         90          0          0          0      12820   stm32f4xx_hal_tim.o
       144         28          0          0          0       1360   stm32f4xx_hal_tim_ex.o
       394         10          0          0          0       2076   stm32f4xx_hal_uart.o
        92         36          0          0          0       7012   stm32f4xx_it.o
      1716         52          0          4          0      18357   stm32f4xx_ll_usb.o
        28          6         24          4          0       1155   system_stm32f4xx.o
       632         44          0          0        128       3369   tim.o
       484         50          0          0        512       2739   usart.o
       108         22          0          1        984       9938   usb_host.o
       888          6          4         32          0      12864   usbh_cdc.o
       540         14          0          0        708      12913   usbh_conf.o
      1312         20          0          0          0      11277   usbh_core.o
      1120         12          0          0          0      10706   usbh_ctlreq.o
       172          0          0          0          0       4396   usbh_ioreq.o
       110          0          0          0          0       3398   usbh_pipes.o
        20          4          0          0          0        526   usbh_platform.o

    ----------------------------------------------------------------------
     19252        910        460         84       4364     944790   Object Totals
         0          0         32          0          0          0   (incl. Generated)
        40          0          0          3          0          0   (incl. Padding)

    ----------------------------------------------------------------------

      Code (inc. data)   RO Data    RW Data    ZI Data      Debug   Library Member Name

         0          0          0          0          0          0   entry.o
         0          0          0          0          0          0   entry10a.o
         0          0          0          0          0          0   entry11a.o
         8          4          0          0          0          0   entry2.o
         4          0          0          0          0          0   entry5.o
         0          0          0          0          0          0   entry7b.o
         0          0          0          0          0          0   entry8b.o
         8          4          0          0          0          0   entry9a.o
        30          0          0          0          0          0   handlers.o
        36          8          0          0          0         68   init.o
         0          0          0          0          0          0   iusefp.o
        30          0          0          0          0         68   llshl.o
        32          0          0          0          0         68   llushr.o
       188         20          0          0          0        160   malloc.o
        36          0          0          0          0         68   memcpya.o
        36          0          0          0          0        108   memseta.o
         0          0          0          8          0          0   mvars.o
        98          0          0          0          0         92   uldiv.o
       186          0          0          0          0        176   depilogue.o
        50          0          0          0          0         76   dfixui.o
        26          0          0          0          0         76   dfltui.o
       228          0          0          0          0         96   dmul.o

    ----------------------------------------------------------------------
      1000         36          0          8          0       1056   Library Totals
         4          0          0          0          0          0   (incl. Padding)

    ----------------------------------------------------------------------

      Code (inc. data)   RO Data    RW Data    ZI Data      Debug   Library Name

       506         36          0          8          0        632   mc_w.l
       490          0          0          0          0        424   mf_w.l

    ----------------------------------------------------------------------
      1000         36          0          8          0       1056   Library Totals

    ----------------------------------------------------------------------

==============================================================================


      Code (inc. data)   RO Data    RW Data    ZI Data      Debug   

     20252        946        460         92       4364     925730   Grand Totals
     20252        946        460         92       4364     925730   ELF Image Totals
     20252        946        460         92          0          0   ROM Totals

==============================================================================

    Total RO  Size (Code + RO Data)                20712 (  20.23kB)
    Total RW  Size (RW Data + ZI Data)              4456 (   4.35kB)
    Total ROM Size (Code + RO Data + RW Data)      20804 (  20.32kB)

==============================================================================

